Component: ARM Compiler 5.06 update 6 (build 750) Tool: armlink [4d35ed]

==============================================================================

Section Cross References

    startup_stm32f411xe.o(RESET) refers to startup_stm32f411xe.o(STACK) for __initial_sp
    startup_stm32f411xe.o(RESET) refers to startup_stm32f411xe.o(.text) for Reset_Handler
    startup_stm32f411xe.o(RESET) refers to stm32fxxx_it.o(.text) for NMI_Handler
    startup_stm32f411xe.o(RESET) refers to tm_stm32_usart.o(.text) for USART1_IRQHandler
    startup_stm32f411xe.o(.text) refers to system_stm32f4xx.o(.text) for SystemInit
    startup_stm32f411xe.o(.text) refers to entry.o(.ARM.Collect$$$$00000000) for __main
    stm32f4xx_hal_spi.o(.text) refers to tm_stm32_delay.o(.text) for HAL_GetTick
    stm32f4xx_hal_spi.o(.text) refers to stm32f4xx_hal_dma.o(.text) for HAL_DMA_Start_IT
    stm32f4xx_hal.o(.text) refers to stm32f4xx_hal_rcc.o(.text) for HAL_RCC_GetHCLKFreq
    stm32f4xx_hal.o(.text) refers to stm32f4xx_hal_cortex.o(.text) for HAL_SYSTICK_Config
    stm32f4xx_hal.o(.text) refers to tm_stm32_delay.o(.text) for HAL_GetTick
    stm32f4xx_hal.o(.text) refers to stm32f4xx_hal.o(.data) for uwTick
    stm32f4xx_hal_dma.o(.text) refers to tm_stm32_delay.o(.text) for HAL_GetTick
    stm32f4xx_hal_dma.o(.text) refers to stm32f4xx_hal_dma.o(.constdata) for flagBitshiftOffset
    stm32f4xx_hal_pwr_ex.o(.text) refers to tm_stm32_delay.o(.text) for HAL_GetTick
    stm32f4xx_hal_rcc.o(.text) refers to tm_stm32_delay.o(.text) for HAL_GetTick
    stm32f4xx_hal_rcc.o(.text) refers to stm32f4xx_hal.o(.text) for HAL_InitTick
    stm32f4xx_hal_rcc.o(.text) refers to stm32f4xx_hal_gpio.o(.text) for HAL_GPIO_Init
    stm32f4xx_hal_rcc.o(.text) refers to stm32f4xx_hal_rcc.o(.constdata) for APBAHBPrescTable
    stm32f4xx_hal_rcc.o(.text) refers to system_stm32f4xx.o(.data) for SystemCoreClock
    stm32f4xx_hal_rcc_ex.o(.text) refers to tm_stm32_delay.o(.text) for HAL_GetTick
    stm32f4xx_hal_uart.o(.text) refers to stm32f4xx_hal_rcc.o(.text) for HAL_RCC_GetPCLK2Freq
    stm32f4xx_hal_uart.o(.text) refers to tm_stm32_delay.o(.text) for HAL_GetTick
    stm32f4xx_hal_uart.o(.text) refers to stm32f4xx_hal_dma.o(.text) for HAL_DMA_Start_IT
    stm32f4xx_hal_usart.o(.text) refers to stm32f4xx_hal_rcc.o(.text) for HAL_RCC_GetPCLK2Freq
    stm32f4xx_hal_usart.o(.text) refers to tm_stm32_delay.o(.text) for HAL_GetTick
    stm32f4xx_hal_usart.o(.text) refers to stm32f4xx_hal_dma.o(.text) for HAL_DMA_Start_IT
    tm_stm32_rcc.o(.text) refers to stm32f4xx_hal_rcc.o(.text) for HAL_RCC_OscConfig
    tm_stm32_gpio.o(.text) refers to tm_stm32_gpio.o(.bss) for GPIO_UsedPins
    tm_stm32_delay.o(.text) refers to malloc.o(i.malloc) for malloc
    tm_stm32_delay.o(.text) refers to malloc.o(i.free) for free
    tm_stm32_delay.o(.text) refers to main.o(.text) for TM_DELAY_1msHandler
    tm_stm32_delay.o(.text) refers to tm_stm32_delay.o(.bss) for CustomTimers
    tm_stm32_delay.o(.text) refers to tm_stm32_delay.o(.data) for TM_Time
    tm_stm32_disco.o(.text) refers to tm_stm32_gpio.o(.text) for TM_GPIO_Init
    tm_stm32_disco.o(.text) refers to tm_stm32_disco.o(.data) for TM_INT_DISCO_ButtonPressed
    tm_stm32_buffer.o(.text) refers to memseta.o(.text) for __aeabi_memclr4
    tm_stm32_buffer.o(.text) refers to malloc.o(i.malloc) for malloc
    tm_stm32_buffer.o(.text) refers to malloc.o(i.free) for free
    tm_stm32_buffer.o(.text) refers to strlen.o(.text) for strlen
    tm_stm32_usart.o(.text) refers to tm_stm32_gpio.o(.text) for TM_GPIO_InitAlternate
    tm_stm32_usart.o(.text) refers to stm32f4xx_hal_cortex.o(.text) for HAL_NVIC_DisableIRQ
    tm_stm32_usart.o(.text) refers to stm32f4xx_hal_uart.o(.text) for HAL_UART_Init
    tm_stm32_usart.o(.text) refers to tm_stm32_buffer.o(.text) for TM_BUFFER_Read
    tm_stm32_usart.o(.text) refers to strlen.o(.text) for strlen
    tm_stm32_usart.o(.text) refers to tm_stm32_usart.o(.data) for TM_USART1
    tm_stm32_usart.o(.text) refers (Weak) to wizfi360_ll.o(.text) for TM_USART1_ReceiveHandler
    tm_stm32_usart.o(.text) refers to tm_stm32_usart.o(.bss) for UART_Handle
    tm_stm32_usart.o(.data) refers to tm_stm32_usart.o(.bss) for USART1_Buffer
    main.o(.text) refers to tm_stm32_rcc.o(.text) for TM_RCC_InitSystem
    main.o(.text) refers to stm32f4xx_hal.o(.text) for HAL_Init
    main.o(.text) refers to tm_stm32_disco.o(.text) for TM_DISCO_LedInit
    main.o(.text) refers to tm_stm32_delay.o(.text) for TM_DELAY_Init
    main.o(.text) refers to tm_stm32_usart.o(.text) for TM_USART_Init
    main.o(.text) refers to printf8.o(i.__0printf$8) for __2printf
    main.o(.text) refers to wizfi360.o(.text) for WizFi360_Init
    main.o(.text) refers to printf8.o(i.__0sprintf$8) for __2sprintf
    main.o(.text) refers to main.o(.bss) for WizFi360
    main.o(.text) refers to main.o(.conststring) for .conststring
    main.o(.text) refers to tm_stm32_delay.o(.data) for TM_Time
    main.o(.text) refers to main.o(.data) for time
[...]
    printfa.o(i.__0printf) refers to main.o(.text) for fputc
    printfa.o(i.__0printf) refers to stdout.o(.data) for __stdout
    printfa.o(i.__0snprintf) refers (Special) to iusefp.o(.text) for __I$use$fp
    printfa.o(i.__0snprintf) refers to printfa.o(i._printf_core) for _printf_core
    printfa.o(i.__0snprintf) refers to printfa.o(i._snputc) for _snputc
    printfa.o(i.__0sprintf) refers (Special) to iusefp.o(.text) for __I$use$fp
    printfa.o(i.__0sprintf) refers to printfa.o(i._printf_core) for _printf_core
    printfa.o(i.__0sprintf) refers to printfa.o(i._sputc) for _sputc
    printfa.o(i.__0vfprintf) refers (Special) to iusefp.o(.text) for __I$use$fp
    printfa.o(i.__0vfprintf) refers to printfa.o(i._printf_core) for _printf_core
    printfa.o(i.__0vfprintf) refers to main.o(.text) for fputc
    printfa.o(i.__0vprintf) refers (Special) to iusefp.o(.text) for __I$use$fp
    printfa.o(i.__0vprintf) refers to printfa.o(i._printf_core) for _printf_core
    printfa.o(i.__0vprintf) refers to main.o(.text) for fputc
    printfa.o(i.__0vprintf) refers to stdout.o(.data) for __stdout
    printfa.o(i.__0vsnprintf) refers (Special) to iusefp.o(.text) for __I$use$fp
    printfa.o(i.__0vsnprintf) refers to printfa.o(i._printf_core) for _printf_core
    printfa.o(i.__0vsnprintf) refers to printfa.o(i._snputc) for _snputc
    printfa.o(i.__0vsprintf) refers (Special) to iusefp.o(.text) for __I$use$fp
    printfa.o(i.__0vsprintf) refers to printfa.o(i._printf_core) for _printf_core
    printfa.o(i.__0vsprintf) refers to printfa.o(i._sputc) for _sputc
    printfa.o(i._fp_digits) refers (Special) to iusefp.o(.text) for __I$use$fp
    printfa.o(i._fp_digits) refers to dmul.o(.text) for __aeabi_dmul
    printfa.o(i._fp_digits) refers to ddiv.o(.text) for __aeabi_ddiv
    printfa.o(i._fp_digits) refers to cdrcmple.o(.text) for __aeabi_cdrcmple
    printfa.o(i._fp_digits) refers to dadd.o(.text) for __aeabi_dadd
    printfa.o(i._fp_digits) refers to dfixul.o(.text) for __aeabi_d2ulz
    printfa.o(i._fp_digits) refers to uldiv.o(.text) for __aeabi_uldivmod
    printfa.o(i._printf_core) refers (Special) to iusefp.o(.text) for __I$use$fp
    printfa.o(i._printf_core) refers to printfa.o(i._printf_pre_padding) for _printf_pre_padding
    printfa.o(i._printf_core) refers to uldiv.o(.text) for __aeabi_uldivmod
    printfa.o(i._printf_core) refers to printfa.o(i._printf_post_padding) for _printf_post_padding
    printfa.o(i._printf_core) refers to printfa.o(i._fp_digits) for _fp_digits
    printfa.o(i._printf_core) refers to uidiv.o(.text) for __aeabi_uidivmod
    printfa.o(i._printf_post_padding) refers (Special) to iusefp.o(.text) for __I$use$fp
    printfa.o(i._printf_pre_padding) refers (Special) to iusefp.o(.text) for __I$use$fp
    printfa.o(i._snputc) refers (Special) to iusefp.o(.text) for __I$use$fp
    printfa.o(i._sputc) refers (Special) to iusefp.o(.text) for __I$use$fp
    malloc.o(i.free) refers to mvars.o(.data) for __microlib_freelist
    malloc.o(i.malloc) refers to mvars.o(.data) for __microlib_freelist_initialised
    malloc.o(i.malloc) refers to mvars.o(.data) for __microlib_freelist
    malloc.o(i.malloc) refers to startup_stm32f411xe.o(HEAP) for __heap_base
    mallocr.o(i.__free$realloc) refers to mvars.o(.data) for __microlib_freelist
    mallocr.o(i.__malloc$realloc) refers to mallocr.o(i.internal_alloc) for internal_alloc
    mallocr.o(i.__malloc$realloc) refers to mvars.o(.data) for __microlib_freelist_initialised
    mallocr.o(i.__malloc$realloc) refers to startup_stm32f411xe.o(HEAP) for __heap_base
    mallocr.o(i.__malloc$realloc) refers to mvars.o(.data) for __microlib_freelist
    mallocr.o(i.internal_alloc) refers to memcpya.o(.text) for __aeabi_memcpy
    mallocr.o(i.internal_alloc) refers to mvars.o(.data) for __microlib_freelist
    mallocr.o(i.realloc) refers to mallocr.o(i.__free$realloc) for __free$realloc
    mallocr.o(i.realloc) refers to mallocr.o(i.internal_alloc) for internal_alloc
    mallocr.o(i.realloc) refers to mallocr.o(i.__malloc$realloc) for __malloc$realloc
    mallocr.o(i.realloc) refers to mvars.o(.data) for __microlib_freelist
    malloca.o(i.__aligned_malloc) refers to mvars.o(.data) for __microlib_freelist_initialised
    malloca.o(i.__aligned_malloc) refers to mvars.o(.data) for __microlib_freelist
    malloca.o(i.__aligned_malloc) refers to startup_stm32f411xe.o(HEAP) for __heap_base
    malloca.o(i.__free$memalign) refers to mvars.o(.data) for __microlib_freelist
    malloca.o(i.__malloc$memalign) refers to malloca.o(i.__aligned_malloc) for __aligned_malloc
    mallocra.o(i.__aligned_malloc$realloc) refers to mallocra.o(i.internal_alloc) for internal_alloc
    mallocra.o(i.__aligned_malloc$realloc) refers to mvars.o(.data) for __microlib_freelist_initialised
    mallocra.o(i.__aligned_malloc$realloc) refers to startup_stm32f411xe.o(HEAP) for __heap_base
    mallocra.o(i.__aligned_malloc$realloc) refers to mvars.o(.data) for __microlib_freelist
    mallocra.o(i.__free$realloc$memalign) refers to mvars.o(.data) for __microlib_freelist
    mallocra.o(i.__malloc$realloc$memalign) refers to mallocra.o(i.__aligned_malloc$realloc) for __aligned_malloc$realloc
    mallocra.o(i.__realloc$memalign) refers to mallocra.o(i.__free$realloc$memalign) for __free$realloc$memalign
    mallocra.o(i.__realloc$memalign) refers to mallocra.o(i.internal_alloc) for internal_alloc
    mallocra.o(i.__realloc$memalign) refers to mallocra.o(i.__malloc$realloc$memalign) for __malloc$realloc$memalign
    mallocra.o(i.__realloc$memalign) refers to mvars.o(.data) for __microlib_freelist
    mallocra.o(i.internal_alloc) refers to memcpya.o(.text) for __aeabi_memcpy
    mallocra.o(i.internal_alloc) refers to mvars.o(.data) for __microlib_freelist
    entry2.o(.ARM.Collect$$$$00000001) refers to entry2.o(.ARM.Collect$$$$00002712) for __lit__00000000
    entry2.o(.ARM.Collect$$$$00002712) refers to startup_stm32f411xe.o(STACK) for __initial_sp
    entry2.o(__vectab_stack_and_reset_area) refers to startup_stm32f411xe.o(STACK) for __initial_sp
    entry2.o(__vectab_stack_and_reset_area) refers to entry.o(.ARM.Collect$$$$00000000) for __main
    entry5.o(.ARM.Collect$$$$00000004) refers to init.o(.text) for __scatterload
    entry9a.o(.ARM.Collect$$$$0000000B) refers to main.o(.text) for main
    entry9b.o(.ARM.Collect$$$$0000000C) refers to main.o(.text) for main
    uldiv.o(.text) refers to llushr.o(.text) for __aeabi_llsr
    uldiv.o(.text) refers to llshl.o(.text) for __aeabi_llsl
    dadd.o(.text) refers to llshl.o(.text) for __aeabi_llsl
    dadd.o(.text) refers to llsshr.o(.text) for __aeabi_lasr
    dadd.o(.text) refers to depilogue.o(.text) for _double_epilogue
    dmul.o(.text) refers to depilogue.o(.text) for _double_epilogue
    ddiv.o(.text) refers to depilogue.o(.text) for _double_round
    dfixul.o(.text) refers to llushr.o(.text) for __aeabi_llsr
    dfixul.o(.text) refers to llshl.o(.text) for __aeabi_llsl
    init.o(.text) refers to entry5.o(.ARM.Collect$$$$00000004) for __main_after_scatterload
    depilogue.o(.text) refers to llshl.o(.text) for __aeabi_llsl
    depilogue.o(.text) refers to llushr.o(.text) for __aeabi_llsr


==============================================================================

Removing Unused input sections from the image.

    Removing stm32f4xx_hal_spi.o(.rev16_text), (4 bytes).
    Removing stm32f4xx_hal_spi.o(.revsh_text), (4 bytes).
    Removing stm32f4xx_hal_spi.o(.rrx_text), (6 bytes).
    Removing stm32f4xx_hal_spi.o(.text), (5504 bytes).
    Removing stm32f4xx_hal.o(.rev16_text), (4 bytes).
    Removing stm32f4xx_hal.o(.revsh_text), (4 bytes).
    Removing stm32f4xx_hal.o(.rrx_text), (6 bytes).
    Removing stm32f4xx_hal_cortex.o(.rev16_text), (4 bytes).
    Removing stm32f4xx_hal_cortex.o(.revsh_text), (4 bytes).
    Removing stm32f4xx_hal_cortex.o(.rrx_text), (6 bytes).
    Removing stm32f4xx_hal_dma.o(.rev16_text), (4 bytes).
    Removing stm32f4xx_hal_dma.o(.revsh_text), (4 bytes).
    Removing stm32f4xx_hal_dma.o(.rrx_text), (6 bytes).
    Removing stm32f4xx_hal_dma_ex.o(.rev16_text), (4 bytes).
    Removing stm32f4xx_hal_dma_ex.o(.revsh_text), (4 bytes).
    Removing stm32f4xx_hal_dma_ex.o(.rrx_text), (6 bytes).
    Removing stm32f4xx_hal_dma_ex.o(.text), (370 bytes).
    Removing stm32f4xx_hal_gpio.o(.rev16_text), (4 bytes).
    Removing stm32f4xx_hal_gpio.o(.revsh_text), (4 bytes).
    Removing stm32f4xx_hal_gpio.o(.rrx_text), (6 bytes).
    Removing stm32f4xx_hal_pwr.o(.rev16_text), (4 bytes).
    Removing stm32f4xx_hal_pwr.o(.revsh_text), (4 bytes).
    Removing stm32f4xx_hal_pwr.o(.rrx_text), (6 bytes).
    Removing stm32f4xx_hal_pwr.o(.text), (524 bytes).
    Removing stm32f4xx_hal_pwr_ex.o(.rev16_text), (4 bytes).
    Removing stm32f4xx_hal_pwr_ex.o(.revsh_text), (4 bytes).
    Removing stm32f4xx_hal_pwr_ex.o(.rrx_text), (6 bytes).
    Removing stm32f4xx_hal_pwr_ex.o(.text), (496 bytes).
    Removing stm32f4xx_hal_rcc.o(.rev16_text), (4 bytes).
    Removing stm32f4xx_hal_rcc.o(.revsh_text), (4 bytes).
    Removing stm32f4xx_hal_rcc.o(.rrx_text), (6 bytes).
    Removing stm32f4xx_hal_rcc_ex.o(.rev16_text), (4 bytes).
    Removing stm32f4xx_hal_rcc_ex.o(.revsh_text), (4 bytes).
    Removing stm32f4xx_hal_rcc_ex.o(.rrx_text), (6 bytes).
    Removing stm32f4xx_hal_rcc_ex.o(.text), (664 bytes).
    Removing stm32f4xx_hal_uart.o(.rev16_text), (4 bytes).
    Removing stm32f4xx_hal_uart.o(.revsh_text), (4 bytes).
    Removing stm32f4xx_hal_uart.o(.rrx_text), (6 bytes).
    Removing stm32f4xx_hal_usart.o(.rev16_text), (4 bytes).
    Removing stm32f4xx_hal_usart.o(.revsh_text), (4 bytes).
    Removing stm32f4xx_hal_usart.o(.rrx_text), (6 bytes).
    Removing stm32f4xx_hal_usart.o(.text), (3724 bytes).
    Removing tm_stm32_rcc.o(.rev16_text), (4 bytes).
    Removing tm_stm32_rcc.o(.revsh_text), (4 bytes).
    Removing tm_stm32_rcc.o(.rrx_text), (6 bytes).
    Removing tm_stm32_gpio.o(.rev16_text), (4 bytes).
    Removing tm_stm32_gpio.o(.revsh_text), (4 bytes).
    Removing tm_stm32_gpio.o(.rrx_text), (6 bytes).
    Removing tm_stm32_delay.o(.rev16_text), (4 bytes).
    Removing tm_stm32_delay.o(.revsh_text), (4 bytes).
    Removing tm_stm32_delay.o(.rrx_text), (6 bytes).
    Removing tm_stm32_disco.o(.rev16_text), (4 bytes).
    Removing tm_stm32_disco.o(.revsh_text), (4 bytes).
    Removing tm_stm32_disco.o(.rrx_text), (6 bytes).
    Removing tm_stm32_buffer.o(.rev16_text), (4 bytes).
    Removing tm_stm32_buffer.o(.revsh_text), (4 bytes).
    Removing tm_stm32_buffer.o(.rrx_text), (6 bytes).
    Removing tm_stm32_usart.o(.rev16_text), (4 bytes).
    Removing tm_stm32_usart.o(.revsh_text), (4 bytes).
    Removing tm_stm32_usart.o(.rrx_text), (6 bytes).
    Removing main.o(.rev16_text), (4 bytes).
    Removing main.o(.revsh_text), (4 bytes).
    Removing main.o(.rrx_text), (6 bytes).
    Removing stm32fxxx_it.o(.rev16_text), (4 bytes).
    Removing stm32fxxx_it.o(.revsh_text), (4 bytes).
    Removing stm32fxxx_it.o(.rrx_text), (6 bytes).
    Removing system_stm32f4xx.o(.rev16_text), (4 bytes).
    Removing system_stm32f4xx.o(.revsh_text), (4 bytes).
    Removing system_stm32f4xx.o(.rrx_text), (6 bytes).
    Removing wizfi360.o(.rev16_text), (4 bytes).
    Removing wizfi360.o(.revsh_text), (4 bytes).
    Removing wizfi360.o(.rrx_text), (6 bytes).
    Removing wizfi360_ll.o(.rev16_text), (4 bytes).
    Removing wizfi360_ll.o(.revsh_text), (4 bytes).
    Removing wizfi360_ll.o(.rrx_text), (6 bytes).
    Removing dadd.o(.text), (334 bytes).
    Removing dmul.o(.text), (228 bytes).
    Removing ddiv.o(.text), (222 bytes).
    Removing dfixul.o(.text), (48 bytes).
    Removing cdrcmple.o(.text), (48 bytes).
    Removing depilogue.o(.text), (186 bytes).

81 unused section(s) (total 12670 bytes) removed from the image.

==============================================================================

Image Symbol Table

    Local Symbols

    Symbol Name                              Value     Ov Type        Size  Object(Section)

    ../clib/microlib/division.c              0x00000000   Number         0  uldiv.o ABSOLUTE
    ../clib/microlib/division.c              0x00000000   Number         0  uidiv.o ABSOLUTE
    ../clib/microlib/init/entry.s            0x00000000   Number         0  entry9b.o ABSOLUTE
    ../clib/microlib/init/entry.s            0x00000000   Number         0  entry10b.o ABSOLUTE
    ../clib/microlib/init/entry.s            0x00000000   Number         0  entry8b.o ABSOLUTE
    ../clib/microlib/init/entry.s            0x00000000   Number         0  entry8a.o ABSOLUTE
    ../clib/microlib/init/entry.s            0x00000000   Number         0  entry7b.o ABSOLUTE
    ../clib/microlib/init/entry.s            0x00000000   Number         0  entry10a.o ABSOLUTE
    ../clib/microlib/init/entry.s            0x00000000   Number         0  entry.o ABSOLUTE
    ../clib/microlib/init/entry.s            0x00000000   Number         0  entry7a.o ABSOLUTE
    ../clib/microlib/init/entry.s            0x00000000   Number         0  entry9a.o ABSOLUTE
    ../clib/microlib/init/entry.s            0x00000000   Number         0  entry11b.o ABSOLUTE
    ../clib/microlib/init/entry.s            0x00000000   Number         0  entry5.o ABSOLUTE
    ../clib/microlib/init/entry.s            0x00000000   Number         0  entry2.o ABSOLUTE
    ../clib/microlib/init/entry.s            0x00000000   Number         0  entry11a.o ABSOLUTE
    ../clib/microlib/longlong.c              0x00000000   Number         0  llsshr.o ABSOLUTE
    ../clib/microlib/longlong.c              0x00000000   Number         0  llushr.o ABSOLUTE
    ../clib/microlib/longlong.c              0x00000000   Number         0  llshl.o ABSOLUTE
    ../clib/microlib/malloc/malloc.c         0x00000000   Number         0  mallocra.o ABSOLUTE
    ../clib/microlib/malloc/malloc.c         0x00000000   Number         0  malloca.o ABSOLUTE
    ../clib/microlib/malloc/malloc.c         0x00000000   Number         0  mallocr.o ABSOLUTE
    ../clib/microlib/malloc/malloc.c         0x00000000   Number         0  malloc.o ABSOLUTE
    ../clib/microlib/malloc/mvars.c          0x00000000   Number         0  mvars.o ABSOLUTE
    ../clib/microlib/printf/printf.c         0x00000000   Number         0  printf2.o ABSOLUTE
    ../clib/microlib/printf/printf.c         0x00000000   Number         0  printf1.o ABSOLUTE
    ../clib/microlib/printf/printf.c         0x00000000   Number         0  printf4.o ABSOLUTE
    ../clib/microlib/printf/printf.c         0x00000000   Number         0  printf5.o ABSOLUTE
    ../clib/microlib/printf/printf.c         0x00000000   Number         0  printf0.o ABSOLUTE
    ../clib/microlib/printf/printf.c         0x00000000   Number         0  printfb.o ABSOLUTE
    ../clib/microlib/printf/printf.c         0x00000000   Number         0  printf6.o ABSOLUTE
    ../clib/microlib/printf/printf.c         0x00000000   Number         0  printf7.o ABSOLUTE
    ../clib/microlib/printf/printf.c         0x00000000   Number         0  printf8.o ABSOLUTE
    ../clib/microlib/printf/printf.c         0x00000000   Number         0  printfa.o ABSOLUTE
    ../clib/microlib/printf/printf.c         0x00000000   Number         0  printf3.o ABSOLUTE
    ../clib/microlib/printf/stubs.s          0x00000000   Number         0  stubs.o ABSOLUTE
    ../clib/microlib/stdio/streams.c         0x00000000   Number         0  stdout.o ABSOLUTE
    ../clib/microlib/string/memcmp.c         0x00000000   Number         0  memcmp.o ABSOLUTE
    ../clib/microlib/string/memcpy.c         0x00000000   Number         0  memcpyb.o ABSOLUTE
    ../clib/microlib/string/memcpy.c         0x00000000   Number         0  memcpya.o ABSOLUTE
    ../clib/microlib/string/memset.c         0x00000000   Number         0  memseta.o ABSOLUTE
    ../clib/microlib/string/strcmp.c         0x00000000   Number         0  strcmp.o ABSOLUTE
    ../clib/microlib/string/strcpy.c         0x00000000   Number         0  strcpy.o ABSOLUTE
    ../clib/microlib/string/strlen.c         0x00000000   Number         0  strlen.o ABSOLUTE
    ../clib/microlib/string/strncmp.c        0x00000000   Number         0  strncmp.o ABSOLUTE
    ../clib/microlib/string/strncpy.c        0x00000000   Number         0  strncpy.o ABSOLUTE
    ../clib/microlib/string/strstr.c         0x00000000   Number         0  strstr.o ABSOLUTE
    ../clib/microlib/string/strtok.c         0x00000000   Number         0  strtok.o ABSOLUTE
    ../clib/microlib/string/strtok.c         0x00000000   Number         0  strtok_r.o ABSOLUTE
    ../clib/microlib/stubs.s                 0x00000000   Number         0  iusefp.o ABSOLUTE
    ../fplib/microlib/fpadd.c                0x00000000   Number         0  dadd.o ABSOLUTE
    ../fplib/microlib/fpdiv.c                0x00000000   Number         0  ddiv.o ABSOLUTE
    ../fplib/microlib/fpepilogue.c           0x00000000   Number         0  depilogue.o ABSOLUTE
    ../fplib/microlib/fpfix.c                0x00000000   Number         0  dfixul.o ABSOLUTE
    ../fplib/microlib/fpmul.c                0x00000000   Number         0  dmul.o ABSOLUTE
    ..\00-HAL_DRIVERS\CMSIS\Device\ST\STM32F4xx\Source\Templates\arm\startup_stm32f411xe.s 0x00000000   Number         0  startup_stm32f411xe.o ABSOLUTE
    ..\00-HAL_DRIVERS\STM32F4xx_HAL_Driver\Src\stm32f4xx_hal.c 0x00000000   Number         0  stm32f4xx_hal.o ABSOLUTE
    ..\00-HAL_DRIVERS\STM32F4xx_HAL_Driver\Src\stm32f4xx_hal_cortex.c 0x00000000   Number         0  stm32f4xx_hal_cortex.o ABSOLUTE
    ..\00-HAL_DRIVERS\STM32F4xx_HAL_Driver\Src\stm32f4xx_hal_dma.c 0x00000000   Number         0  stm32f4xx_hal_dma.o ABSOLUTE
    ..\00-HAL_DRIVERS\STM32F4xx_HAL_Driver\Src\stm32f4xx_hal_dma_ex.c 0x00000000   Number         0  stm32f4xx_hal_dma_ex.o ABSOLUTE
    ..\00-HAL_DRIVERS\STM32F4xx_HAL_Driver\Src\stm32f4xx_hal_gpio.c 0x00000000   Number         0  stm32f4xx_hal_gpio.o ABSOLUTE
    ..\00-HAL_DRIVERS\STM32F4xx_HAL_Driver\Src\stm32f4xx_hal_pwr.c 0x00000000   Number         0  stm32f4xx_hal_pwr.o ABSOLUTE
    ..\00-HAL_DRIVERS\STM32F4xx_HAL_Driver\Src\stm32f4xx_hal_pwr_ex.c 0x00000000   Number         0  stm32f4xx_hal_pwr_ex.o ABSOLUTE
    ..\00-HAL_DRIVERS\STM32F4xx_HAL_Driver\Src\stm32f4xx_hal_rcc.c 0x00000000   Number         0  stm32f4xx_hal_rcc.o ABSOLUTE
    ..\00-HAL_DRIVERS\STM32F4xx_HAL_Driver\Src\stm32f4xx_hal_rcc_ex.c 0x00000000   Number         0  stm32f4xx_hal_rcc_ex.o ABSOLUTE
    ..\00-HAL_DRIVERS\STM32F4xx_HAL_Driver\Src\stm32f4xx_hal_spi.c 0x00000000   Number         0  stm32f4xx_hal_spi.o ABSOLUTE
    ..\00-HAL_DRIVERS\STM32F4xx_HAL_Driver\Src\stm32f4xx_hal_uart.c 0x00000000   Number         0  stm32f4xx_hal_uart.o ABSOLUTE
    ..\00-HAL_DRIVERS\STM32F4xx_HAL_Driver\Src\stm32f4xx_hal_usart.c 0x00000000   Number         0  stm32f4xx_hal_usart.o ABSOLUTE
    ..\00-STM32_LIBRARIES\tm_stm32_buffer.c  0x00000000   Number         0  tm_stm32_buffer.o ABSOLUTE
    ..\00-STM32_LIBRARIES\tm_stm32_delay.c   0x00000000   Number         0  tm_stm32_delay.o ABSOLUTE
    ..\00-STM32_LIBRARIES\tm_stm32_disco.c   0x00000000   Number         0  tm_stm32_disco.o ABSOLUTE
    ..\00-STM32_LIBRARIES\tm_stm32_gpio.c    0x00000000   Number         0  tm_stm32_gpio.o ABSOLUTE
    ..\00-STM32_LIBRARIES\tm_stm32_rcc.c     0x00000000   Number         0  tm_stm32_rcc.o ABSOLUTE
    ..\00-STM32_LIBRARIES\tm_stm32_usart.c   0x00000000   Number         0  tm_stm32_usart.o ABSOLUTE
    ..\00-WizFi360_LIBRARY\WizFi360.c        0x00000000   Number         0  wizfi360.o ABSOLUTE
    ..\00-WizFi360_LIBRARY\WizFi360_ll.c     0x00000000   Number         0  wizfi360_ll.o ABSOLUTE
    ..\00-WizFi360_LIBRARY\buffer.c          0x00000000   Number         0  buffer.o ABSOLUTE
    ..\\00-HAL_DRIVERS\\STM32F4xx_HAL_Driver\\Src\\stm32f4xx_hal.c 0x00000000   Number         0  stm32f4xx_hal.o ABSOLUTE
    ..\\00-HAL_DRIVERS\\STM32F4xx_HAL_Driver\\Src\\stm32f4xx_hal_cortex.c 0x00000000   Number         0  stm32f4xx_hal_cortex.o ABSOLUTE
    ..\\00-HAL_DRIVERS\\STM32F4xx_HAL_Driver\\Src\\stm32f4xx_hal_dma.c 0x00000000   Number         0  stm32f4xx_hal_dma.o ABSOLUTE
    ..\\00-HAL_DRIVERS\\STM32F4xx_HAL_Driver\\Src\\stm32f4xx_hal_dma_ex.c 0x00000000   Number         0  stm32f4xx_hal_dma_ex.o ABSOLUTE
    ..\\00-HAL_DRIVERS\\STM32F4xx_HAL_Driver\\Src\\stm32f4xx_hal_gpio.c 0x00000000   Number         0  stm32f4xx_hal_gpio.o ABSOLUTE
    ..\\00-HAL_DRIVERS\\STM32F4xx_HAL_Driver\\Src\\stm32f4xx_hal_pwr.c 0x00000000   Number         0  stm32f4xx_hal_pwr.o ABSOLUTE
    ..\\00-HAL_DRIVERS\\STM32F4xx_HAL_Driver\\Src\\stm32f4xx_hal_pwr_ex.c 0x00000000   Number         0  stm32f4xx_hal_pwr_ex.o ABSOLUTE
    ..\\00-HAL_DRIVERS\\STM32F4xx_HAL_Driver\\Src\\stm32f4xx_hal_rcc.c 0x00000000   Number         0  stm32f4xx_hal_rcc.o ABSOLUTE
    ..\\00-HAL_DRIVERS\\STM32F4xx_HAL_Driver\\Src\\stm32f4xx_hal_rcc_ex.c 0x00000000   Number         0  stm32f4xx_hal_rcc_ex.o ABSOLUTE
    ..\\00-HAL_DRIVERS\\STM32F4xx_HAL_Driver\\Src\\stm32f4xx_hal_spi.c 0x00000000   Number         0  stm32f4xx_hal_spi.o ABSOLUTE
    ..\\00-HAL_DRIVERS\\STM32F4xx_HAL_Driver\\Src\\stm32f4xx_hal_uart.c 0x00000000   Number         0  stm32f4xx_hal_uart.o ABSOLUTE
    ..\\00-HAL_DRIVERS\\STM32F4xx_HAL_Driver\\Src\\stm32f4xx_hal_usart.c 0x00000000   Number         0  stm32f4xx_hal_usart.o ABSOLUTE
    ..\\00-STM32_LIBRARIES\\tm_stm32_buffer.c 0x00000000   Number         0  tm_stm32_buffer.o ABSOLUTE
    ..\\00-STM32_LIBRARIES\\tm_stm32_delay.c 0x00000000   Number         0  tm_stm32_delay.o ABSOLUTE
    ..\\00-STM32_LIBRARIES\\tm_stm32_disco.c 0x00000000   Number         0  tm_stm32_disco.o ABSOLUTE
    ..\\00-STM32_LIBRARIES\\tm_stm32_gpio.c  0x00000000   Number         0  tm_stm32_gpio.o ABSOLUTE
    ..\\00-STM32_LIBRARIES\\tm_stm32_rcc.c   0x00000000   Number         0  tm_stm32_rcc.o ABSOLUTE
    ..\\00-STM32_LIBRARIES\\tm_stm32_usart.c 0x00000000   Number         0  tm_stm32_usart.o ABSOLUTE
    ..\\00-WizFi360_LIBRARY\\WizFi360.c      0x00000000   Number         0  wizfi360.o ABSOLUTE
    ..\\00-WizFi360_LIBRARY\\WizFi360_ll.c   0x00000000   Number         0  wizfi360_ll.o ABSOLUTE
    User\\main.c                             0x00000000   Number         0  main.o ABSOLUTE
    User\\stm32fxxx_it.c                     0x00000000   Number         0  stm32fxxx_it.o ABSOLUTE
    User\\system_stm32f4xx.c                 0x00000000   Number         0  system_stm32f4xx.o ABSOLUTE
    User\main.c                              0x00000000   Number         0  main.o ABSOLUTE
    User\stm32fxxx_it.c                      0x00000000   Number         0  stm32fxxx_it.o ABSOLUTE
    User\system_stm32f4xx.c                  0x00000000   Number         0  system_stm32f4xx.o ABSOLUTE
    cdrcmple.s                               0x00000000   Number         0  cdrcmple.o ABSOLUTE
    dc.s                                     0x00000000   Number         0  dc.o ABSOLUTE
    handlers.s                               0x00000000   Number         0  handlers.o ABSOLUTE
    init.s                                   0x00000000   Number         0  init.o ABSOLUTE
    RESET                                    0x08000000   Section      408  startup_stm32f411xe.o(RESET)
    .ARM.Collect$$$$00000000                 0x08000198   Section        0  entry.o(.ARM.Collect$$$$00000000)
    .ARM.Collect$$$$00000001                 0x08000198   Section        4  entry2.o(.ARM.Collect$$$$00000001)
    .ARM.Collect$$$$00000004                 0x0800019c   Section        4  entry5.o(.ARM.Collect$$$$00000004)
    .ARM.Collect$$$$00000008                 0x080001a0   Section        0  entry7b.o(.ARM.Collect$$$$00000008)
    .ARM.Collect$$$$0000000A                 0x080001a0   Section        0  entry8b.o(.ARM.Collect$$$$0000000A)
    .ARM.Collect$$$$0000000B                 0x080001a0   Section        8  entry9a.o(.ARM.Collect$$$$0000000B)
    .ARM.Collect$$$$0000000D                 0x080001a8   Section        0  entry10a.o(.ARM.Collect$$$$0000000D)
    .ARM.Collect$$$$0000000F                 0x080001a8   Section        0  entry11a.o(.ARM.Collect$$$$0000000F)
    .ARM.Collect$$$$00002712                 0x080001a8   Section        4  entry2.o(.ARM.Collect$$$$00002712)
    __lit__00000000                          0x080001a8   Data           4  entry2.o(.ARM.Collect$$$$00002712)
    .text                                    0x080001ac   Section       36  startup_stm32f411xe.o(.text)
    $v0                                      0x080001ac   Number         0  startup_stm32f411xe.o(.text)
    .text                                    0x080001d0   Section        0  stm32f4xx_hal.o(.text)
    .text                                    0x0800036c   Section        0  stm32f4xx_hal_cortex.o(.text)
    NVIC_SetPriority                         0x0800036d   Thumb Code    32  stm32f4xx_hal_cortex.o(.text)
    NVIC_GetPriorityGrouping                 0x08000669   Thumb Code    12  stm32f4xx_hal_cortex.o(.text)
    .text                                    0x08000688   Section        0  stm32f4xx_hal_dma.o(.text)
    DMA_CalcBaseAndBitshift                  0x08000689   Thumb Code    46  stm32f4xx_hal_dma.o(.text)
    DMA_SetConfig                            0x0800079b   Thumb Code    44  stm32f4xx_hal_dma.o(.text)
    .text                                    0x08000ca0   Section        0  stm32f4xx_hal_gpio.o(.text)
    .text                                    0x08000ffc   Section        0  stm32f4xx_hal_rcc.o(.text)
    .text                                    0x08001a30   Section        0  stm32f4xx_hal_uart.o(.text)
    UART_SetConfig                           0x08001a31   Thumb Code   538  stm32f4xx_hal_uart.o(.text)
    UART_WaitOnFlagUntilTimeout              0x08001e81   Thumb Code   250  stm32f4xx_hal_uart.o(.text)
    UART_DMAError                            0x08002271   Thumb Code    34  stm32f4xx_hal_uart.o(.text)
    UART_DMATxHalfCplt                       0x08002295   Thumb Code    14  stm32f4xx_hal_uart.o(.text)
    UART_DMATransmitCplt                     0x080022a5   Thumb Code    54  stm32f4xx_hal_uart.o(.text)
    UART_DMARxHalfCplt                       0x08002379   Thumb Code    14  stm32f4xx_hal_uart.o(.text)
    UART_DMAReceiveCplt                      0x08002389   Thumb Code    62  stm32f4xx_hal_uart.o(.text)
    UART_EndTransmit_IT                      0x0800259d   Thumb Code    72  stm32f4xx_hal_uart.o(.text)
    UART_Transmit_IT                         0x080025e5   Thumb Code   112  stm32f4xx_hal_uart.o(.text)
    UART_Receive_IT                          0x08002655   Thumb Code   208  stm32f4xx_hal_uart.o(.text)
    .text                                    0x08002994   Section        0  tm_stm32_rcc.o(.text)
    .text                                    0x08002a3c   Section        0  tm_stm32_gpio.o(.text)
    .text                                    0x08002d3c   Section        0  tm_stm32_delay.o(.text)
    .text                                    0x08002fb0   Section        0  tm_stm32_disco.o(.text)
    .text                                    0x08003048   Section        0  tm_stm32_buffer.o(.text)
    .text                                    0x08003390   Section        0  tm_stm32_usart.o(.text)
    TM_USART_INT_GetSubPriority              0x08003391   Thumb Code    28  tm_stm32_usart.o(.text)
    TM_USART_INT_Init                        0x08003457   Thumb Code   318  tm_stm32_usart.o(.text)
    TM_USART_INT_GetUSARTBuffer              0x08003663   Thumb Code    28  tm_stm32_usart.o(.text)
    TM_USART_INT_InsertToBuffer              0x080037e1   Thumb Code    16  tm_stm32_usart.o(.text)
    TM_USART_INT_ClearAllFlags               0x080037f1   Thumb Code   126  tm_stm32_usart.o(.text)
    .text                                    0x080038f0   Section        0  main.o(.text)
    .text                                    0x08003ed0   Section        0  stm32fxxx_it.o(.text)
    .text                                    0x08003ef4   Section        0  system_stm32f4xx.o(.text)
    .text                                    0x08004014   Section        0  wizfi360.o(.text)
    CallConnectionCallbacks                  0x08004015   Thumb Code     2  wizfi360.o(.text)
    ParseNumber                              0x08004017   Thumb Code    68  wizfi360.o(.text)
    Hex2Num                                  0x0800405d   Thumb Code    54  wizfi360.o(.text)
    CHARISHEXNUM                             0x08004093   Thumb Code    42  wizfi360.o(.text)
    ParseHexNumber                           0x080040bd   Thumb Code    52  wizfi360.o(.text)
    ParseMAC                                 0x080040f1   Thumb Code    96  wizfi360.o(.text)
    ParseIP                                  0x08004151   Thumb Code   112  wizfi360.o(.text)
    ParseCWLIF                               0x080041c1   Thumb Code    86  wizfi360.o(.text)
    ParseCIPSTA                              0x08004221   Thumb Code   476  wizfi360.o(.text)
    ParseCWSAP                               0x080043ff   Thumb Code   442  wizfi360.o(.text)
    ParseCWLAP                               0x080045bb   Thumb Code   370  wizfi360.o(.text)
    ParseCWJAP                               0x0800472d   Thumb Code   150  wizfi360.o(.text)
    ParseReceived                            0x0800480f   Thumb Code  3146  wizfi360.o(.text)
    ProcessSendData                          0x08005459   Thumb Code    78  wizfi360.o(.text)
    SendCommand                              0x080057fb   Thumb Code   102  wizfi360.o(.text)
    SendUARTCommand                          0x08005be7   Thumb Code   136  wizfi360.o(.text)
    EscapeString                             0x08006079   Thumb Code    50  wizfi360.o(.text)
    SendMACCommand                           0x080061b7   Thumb Code   522  wizfi360.o(.text)
    Delayms                                  0x08006a27   Thumb Code    12  wizfi360.o(.text)
    .text                                    0x08006a74   Section        0  buffer.o(.text)
    .text                                    0x08006dc0   Section        0  wizfi360_ll.o(.text)
    .text                                    0x08006df8   Section        0  memcpya.o(.text)
    .text                                    0x08006e1c   Section        0  memseta.o(.text)
    .text                                    0x08006e40   Section        0  strstr.o(.text)
    .text                                    0x08006e64   Section        0  strncpy.o(.text)
    .text                                    0x08006e7c   Section        0  strlen.o(.text)
    .text                                    0x08006e8a   Section        0  strcmp.o(.text)
    .text                                    0x08006ea6   Section        0  memcmp.o(.text)
    .text                                    0x08006ec0   Section        0  strcpy.o(.text)
    .text                                    0x08006ed2   Section        0  strncmp.o(.text)
    .text                                    0x08006ef0   Section        0  strtok.o(.text)
    .text                                    0x08006f34   Section        0  uldiv.o(.text)
    .text                                    0x08006f98   Section       36  init.o(.text)
    .text                                    0x08006fbc   Section        0  llshl.o(.text)
    .text                                    0x08006fda   Section        0  llushr.o(.text)
    i.__0printf$8                            0x08006ffc   Section        0  printf8.o(i.__0printf$8)
    i.__0sprintf$8                           0x0800701c   Section        0  printf8.o(i.__0sprintf$8)
    i.__scatterload_copy                     0x08007044   Section       14  handlers.o(i.__scatterload_copy)
    i.__scatterload_null                     0x08007052   Section        2  handlers.o(i.__scatterload_null)
    i.__scatterload_zeroinit                 0x08007054   Section       14  handlers.o(i.__scatterload_zeroinit)
    i._printf_core                           0x08007064   Section        0  printf8.o(i._printf_core)
    _printf_core                             0x08007065   Thumb Code   996  printf8.o(i._printf_core)
    i._printf_post_padding                   0x08007474   Section        0  printf8.o(i._printf_post_padding)
    _printf_post_padding                     0x08007475   Thumb Code    36  printf8.o(i._printf_post_padding)
    i._printf_pre_padding                    0x08007498   Section        0  printf8.o(i._printf_pre_padding)
    _printf_pre_padding                      0x08007499   Thumb Code    46  printf8.o(i._printf_pre_padding)
    i._sputc                                 0x080074c6   Section        0  printf8.o(i._sputc)
    _sputc                                   0x080074c7   Thumb Code    10  printf8.o(i._sputc)
    i.free                                   0x080074d0   Section        0  malloc.o(i.free)
    i.malloc                                 0x08007520   Section        0  malloc.o(i.malloc)
    .constdata                               0x0800758c   Section        8  stm32f4xx_hal_dma.o(.constdata)
    flagBitshiftOffset                       0x0800758c   Data           8  stm32f4xx_hal_dma.o(.constdata)
    .constdata                               0x08007594   Section       16  stm32f4xx_hal_rcc.o(.constdata)
    .constdata                               0x080075a4   Section       16  system_stm32f4xx.o(.constdata)
    .conststring                             0x080075b4   Section      258  main.o(.conststring)
    .data                                    0x20000000   Section        4  stm32f4xx_hal.o(.data)
    uwTick                                   0x20000000   Data           4  stm32f4xx_hal.o(.data)
    .data                                    0x20000004   Section        8  tm_stm32_delay.o(.data)
    .data                                    0x2000000c   Section        1  tm_stm32_disco.o(.data)
    TM_INT_DISCO_ButtonPressed               0x2000000c   Data           1  tm_stm32_disco.o(.data)
    .data                                    0x20000010   Section       60  tm_stm32_usart.o(.data)
    .data                                    0x2000004c   Section        4  main.o(.data)
    .data                                    0x20000050   Section        4  system_stm32f4xx.o(.data)
    .data                                    0x20000054   Section       16  wizfi360.o(.data)
    WizFi360_Baudrate                        0x20000054   Data          16  wizfi360.o(.data)
    .data                                    0x20000064   Section        4  strtok.o(.data)
    state                                    0x20000064   Data           4  strtok.o(.data)
    .data                                    0x20000068   Section        4  stdout.o(.data)
    .data                                    0x2000006c   Section        4  mvars.o(.data)
    .data                                    0x20000070   Section        4  mvars.o(.data)
    .bss                                     0x20000074   Section       26  tm_stm32_gpio.o(.bss)
    GPIO_UsedPins                            0x20000074   Data          26  tm_stm32_gpio.o(.bss)
    .bss                                     0x20000090   Section       24  tm_stm32_delay.o(.bss)
    CustomTimers                             0x20000090   Data          24  tm_stm32_delay.o(.bss)
    .bss                                     0x200000a8   Section      160  tm_stm32_usart.o(.bss)
    UART_Handle                              0x20000108   Data          64  tm_stm32_usart.o(.bss)
    .bss                                     0x20000148   Section     1176  main.o(.bss)
    .bss                                     0x200005e0   Section     8400  wizfi360.o(.bss)
    TMP_Buffer                               0x200005e0   Data          20  wizfi360.o(.bss)
    USART_Buffer                             0x200005f4   Data          20  wizfi360.o(.bss)
    TMPBuffer                                0x20000608   Data         512  wizfi360.o(.bss)
    USARTBuffer                              0x20000808   Data        1024  wizfi360.o(.bss)
    WizFi360_APs                             0x20000c08   Data         782  wizfi360.o(.bss)
    ConnectionData                           0x20000f16   Data        5842  wizfi360.o(.bss)
    buff                                     0x200025e8   Data         100  wizfi360.o(.bss)
    buff                                     0x2000264c   Data         100  wizfi360.o(.bss)
    HEAP                                     0x200026b0   Section      512  startup_stm32f411xe.o(HEAP)
    STACK                                    0x200028b0   Section     1024  startup_stm32f411xe.o(STACK)

    Global Symbols

    Symbol Name                              Value     Ov Type        Size  Object(Section)

    BuildAttributes$$THM_ISAv4$E$P$D$K$B$S$7EM$VFPi3$EXTD16$VFPS$VFMA$PE$A:L22UL41UL21$X:L11$S22US41US21$IEEE1$IW$USESV6$~STKCKD$USESV7$~SHL$OSPACE$ROPI$EBA8$MICROLIB$REQ8$PRES8$EABIv2 0x00000000   Number         0  anon$$obj.o ABSOLUTE
    __ARM_use_no_argv                        0x00000000   Number         0  main.o ABSOLUTE
    _printf_a                                0x00000000   Number         0  stubs.o ABSOLUTE
    _printf_c                                0x00000000   Number         0  stubs.o ABSOLUTE
    _printf_charcount                        0x00000000   Number         0  stubs.o ABSOLUTE
    _printf_d                                0x00000000   Number         0  stubs.o ABSOLUTE
    _printf_e                                0x00000000   Number         0  stubs.o ABSOLUTE
    _printf_f                                0x00000000   Number         0  stubs.o ABSOLUTE
    _printf_flags                            0x00000000   Number         0  stubs.o ABSOLUTE
    _printf_fp_dec                           0x00000000   Number         0  stubs.o ABSOLUTE
    _printf_fp_hex                           0x00000000   Number         0  stubs.o ABSOLUTE
    _printf_g                                0x00000000   Number         0  stubs.o ABSOLUTE
    _printf_i                                0x00000000   Number         0  stubs.o ABSOLUTE
    _printf_int_dec                          0x00000000   Number         0  stubs.o ABSOLUTE
    _printf_l                                0x00000000   Number         0  stubs.o ABSOLUTE
    _printf_lc                               0x00000000   Number         0  stubs.o ABSOLUTE
    _printf_ll                               0x00000000   Number         0  stubs.o ABSOLUTE
    _printf_lld                              0x00000000   Number         0  stubs.o ABSOLUTE
    _printf_lli                              0x00000000   Number         0  stubs.o ABSOLUTE
    _printf_llo                              0x00000000   Number         0  stubs.o ABSOLUTE
    _printf_llu                              0x00000000   Number         0  stubs.o ABSOLUTE
    _printf_llx                              0x00000000   Number         0  stubs.o ABSOLUTE
    _printf_longlong_dec                     0x00000000   Number         0  stubs.o ABSOLUTE
    _printf_longlong_hex                     0x00000000   Number         0  stubs.o ABSOLUTE
    _printf_longlong_oct                     0x00000000   Number         0  stubs.o ABSOLUTE
    _printf_ls                               0x00000000   Number         0  stubs.o ABSOLUTE
    _printf_mbtowc                           0x00000000   Number         0  stubs.o ABSOLUTE
    _printf_n                                0x00000000   Number         0  stubs.o ABSOLUTE
    _printf_o                                0x00000000   Number         0  stubs.o ABSOLUTE
    _printf_p                                0x00000000   Number         0  stubs.o ABSOLUTE
    _printf_percent                          0x00000000   Number         0  stubs.o ABSOLUTE
    _printf_pre_padding                      0x00000000   Number         0  stubs.o ABSOLUTE
    _printf_return_value                     0x00000000   Number         0  stubs.o ABSOLUTE
    _printf_s                                0x00000000   Number         0  stubs.o ABSOLUTE
    _printf_sizespec                         0x00000000   Number         0  stubs.o ABSOLUTE
    _printf_str                              0x00000000   Number         0  stubs.o ABSOLUTE
    _printf_truncate_signed                  0x00000000   Number         0  stubs.o ABSOLUTE
    _printf_truncate_unsigned                0x00000000   Number         0  stubs.o ABSOLUTE
    _printf_u                                0x00000000   Number         0  stubs.o ABSOLUTE
    _printf_wc                               0x00000000   Number         0  stubs.o ABSOLUTE
    _printf_wctomb                           0x00000000   Number         0  stubs.o ABSOLUTE
    _printf_widthprec                        0x00000000   Number         0  stubs.o ABSOLUTE
    _printf_x                                0x00000000   Number         0  stubs.o ABSOLUTE
    __cpp_initialize__aeabi_                  - Undefined Weak Reference
    __cxa_finalize                            - Undefined Weak Reference
    __decompress                              - Undefined Weak Reference
    _clock_init                               - Undefined Weak Reference
    _microlib_exit                            - Undefined Weak Reference
    __Vectors_Size                           0x00000198   Number         0  startup_stm32f411xe.o ABSOLUTE
    __Vectors                                0x08000000   Data           4  startup_stm32f411xe.o(RESET)
    __Vectors_End                            0x08000198   Data           0  startup_stm32f411xe.o(RESET)
    __main                                   0x08000199   Thumb Code     0  entry.o(.ARM.Collect$$$$00000000)
    _main_stk                                0x08000199   Thumb Code     0  entry2.o(.ARM.Collect$$$$00000001)
    _main_scatterload                        0x0800019d   Thumb Code     0  entry5.o(.ARM.Collect$$$$00000004)
    __main_after_scatterload                 0x080001a1   Thumb Code     0  entry5.o(.ARM.Collect$$$$00000004)
    _main_clock                              0x080001a1   Thumb Code     0  entry7b.o(.ARM.Collect$$$$00000008)
    _main_cpp_init                           0x080001a1   Thumb Code     0  entry8b.o(.ARM.Collect$$$$0000000A)
    _main_init                               0x080001a1   Thumb Code     0  entry9a.o(.ARM.Collect$$$$0000000B)
    __rt_final_cpp                           0x080001a9   Thumb Code     0  entry10a.o(.ARM.Collect$$$$0000000D)
    __rt_final_exit                          0x080001a9   Thumb Code     0  entry11a.o(.ARM.Collect$$$$0000000F)
    Reset_Handler                            0x080001ad   Thumb Code     8  startup_stm32f411xe.o(.text)
    ADC_IRQHandler                           0x080001c7   Thumb Code     0  startup_stm32f411xe.o(.text)
    DMA1_Stream0_IRQHandler                  0x080001c7   Thumb Code     0  startup_stm32f411xe.o(.text)
    DMA1_Stream1_IRQHandler                  0x080001c7   Thumb Code     0  startup_stm32f411xe.o(.text)
    DMA1_Stream2_IRQHandler                  0x080001c7   Thumb Code     0  startup_stm32f411xe.o(.text)
    DMA1_Stream3_IRQHandler                  0x080001c7   Thumb Code     0  startup_stm32f411xe.o(.text)
    DMA1_Stream4_IRQHandler                  0x080001c7   Thumb Code     0  startup_stm32f411xe.o(.text)
    DMA1_Stream5_IRQHandler                  0x080001c7   Thumb Code     0  startup_stm32f411xe.o(.text)
    DMA1_Stream6_IRQHandler                  0x080001c7   Thumb Code     0  startup_stm32f411xe.o(.text)
    DMA1_Stream7_IRQHandler                  0x080001c7   Thumb Code     0  startup_stm32f411xe.o(.text)
    DMA2_Stream0_IRQHandler                  0x080001c7   Thumb Code     0  startup_stm32f411xe.o(.text)
    DMA2_Stream1_IRQHandler                  0x080001c7   Thumb Code     0  startup_stm32f411xe.o(.text)
    DMA2_Stream2_IRQHandler                  0x080001c7   Thumb Code     0  startup_stm32f411xe.o(.text)
    DMA2_Stream3_IRQHandler                  0x080001c7   Thumb Code     0  startup_stm32f411xe.o(.text)
    DMA2_Stream4_IRQHandler                  0x080001c7   Thumb Code     0  startup_stm32f411xe.o(.text)
    DMA2_Stream5_IRQHandler                  0x080001c7   Thumb Code     0  startup_stm32f411xe.o(.text)
    DMA2_Stream6_IRQHandler                  0x080001c7   Thumb Code     0  startup_stm32f411xe.o(.text)
    DMA2_Stream7_IRQHandler                  0x080001c7   Thumb Code     0  startup_stm32f411xe.o(.text)
    EXTI0_IRQHandler                         0x080001c7   Thumb Code     0  startup_stm32f411xe.o(.text)
    EXTI15_10_IRQHandler                     0x080001c7   Thumb Code     0  startup_stm32f411xe.o(.text)
    EXTI1_IRQHandler                         0x080001c7   Thumb Code     0  startup_stm32f411xe.o(.text)
    EXTI2_IRQHandler                         0x080001c7   Thumb Code     0  startup_stm32f411xe.o(.text)
    EXTI3_IRQHandler                         0x080001c7   Thumb Code     0  startup_stm32f411xe.o(.text)
    EXTI4_IRQHandler                         0x080001c7   Thumb Code     0  startup_stm32f411xe.o(.text)
    EXTI9_5_IRQHandler                       0x080001c7   Thumb Code     0  startup_stm32f411xe.o(.text)
    FLASH_IRQHandler                         0x080001c7   Thumb Code     0  startup_stm32f411xe.o(.text)
    FPU_IRQHandler                           0x080001c7   Thumb Code     0  startup_stm32f411xe.o(.text)
    I2C1_ER_IRQHandler                       0x080001c7   Thumb Code     0  startup_stm32f411xe.o(.text)
    I2C1_EV_IRQHandler                       0x080001c7   Thumb Code     0  startup_stm32f411xe.o(.text)
    I2C2_ER_IRQHandler                       0x080001c7   Thumb Code     0  startup_stm32f411xe.o(.text)
    I2C2_EV_IRQHandler                       0x080001c7   Thumb Code     0  startup_stm32f411xe.o(.text)
    I2C3_ER_IRQHandler                       0x080001c7   Thumb Code     0  startup_stm32f411xe.o(.text)
    I2C3_EV_IRQHandler                       0x080001c7   Thumb Code     0  startup_stm32f411xe.o(.text)
    OTG_FS_IRQHandler                        0x080001c7   Thumb Code     0  startup_stm32f411xe.o(.text)
    OTG_FS_WKUP_IRQHandler                   0x080001c7   Thumb Code     0  startup_stm32f411xe.o(.text)
    PVD_IRQHandler                           0x080001c7   Thumb Code     0  startup_stm32f411xe.o(.text)
    RCC_IRQHandler                           0x080001c7   Thumb Code     0  startup_stm32f411xe.o(.text)
    RTC_Alarm_IRQHandler                     0x080001c7   Thumb Code     0  startup_stm32f411xe.o(.text)
    RTC_WKUP_IRQHandler                      0x080001c7   Thumb Code     0  startup_stm32f411xe.o(.text)
    SDIO_IRQHandler                          0x080001c7   Thumb Code     0  startup_stm32f411xe.o(.text)
    SPI1_IRQHandler                          0x080001c7   Thumb Code     0  startup_stm32f411xe.o(.text)
    SPI2_IRQHandler                          0x080001c7   Thumb Code     0  startup_stm32f411xe.o(.text)
    SPI3_IRQHandler                          0x080001c7   Thumb Code     0  startup_stm32f411xe.o(.text)
    SPI4_IRQHandler                          0x080001c7   Thumb Code     0  startup_stm32f411xe.o(.text)
    SPI5_IRQHandler                          0x080001c7   Thumb Code     0  startup_stm32f411xe.o(.text)
    TAMP_STAMP_IRQHandler                    0x080001c7   Thumb Code     0  startup_stm32f411xe.o(.text)
    TIM1_BRK_TIM9_IRQHandler                 0x080001c7   Thumb Code     0  startup_stm32f411xe.o(.text)
    TIM1_CC_IRQHandler                       0x080001c7   Thumb Code     0  startup_stm32f411xe.o(.text)
    TIM1_TRG_COM_TIM11_IRQHandler            0x080001c7   Thumb Code     0  startup_stm32f411xe.o(.text)
    TIM1_UP_TIM10_IRQHandler                 0x080001c7   Thumb Code     0  startup_stm32f411xe.o(.text)
    TIM2_IRQHandler                          0x080001c7   Thumb Code     0  startup_stm32f411xe.o(.text)
    TIM3_IRQHandler                          0x080001c7   Thumb Code     0  startup_stm32f411xe.o(.text)
    TIM4_IRQHandler                          0x080001c7   Thumb Code     0  startup_stm32f411xe.o(.text)
    TIM5_IRQHandler                          0x080001c7   Thumb Code     0  startup_stm32f411xe.o(.text)
    WWDG_IRQHandler                          0x080001c7   Thumb Code     0  startup_stm32f411xe.o(.text)
    HAL_MspInit                              0x080001d1   Thumb Code     2  stm32f4xx_hal.o(.text)
    HAL_InitTick                             0x080001d3   Thumb Code    36  stm32f4xx_hal.o(.text)
    HAL_Init                                 0x080001f7   Thumb Code    54  stm32f4xx_hal.o(.text)
    HAL_MspDeInit                            0x0800022d   Thumb Code     2  stm32f4xx_hal.o(.text)
    HAL_DeInit                               0x0800022f   Thumb Code    64  stm32f4xx_hal.o(.text)
    HAL_SuspendTick                          0x0800029b   Thumb Code    18  stm32f4xx_hal.o(.text)
    HAL_ResumeTick                           0x080002ad   Thumb Code    18  stm32f4xx_hal.o(.text)
    HAL_GetHalVersion                        0x080002bf   Thumb Code     6  stm32f4xx_hal.o(.text)
    HAL_GetREVID                             0x080002c5   Thumb Code     8  stm32f4xx_hal.o(.text)
    HAL_GetDEVID                             0x080002cd   Thumb Code    10  stm32f4xx_hal.o(.text)
    HAL_DBGMCU_EnableDBGSleepMode            0x080002d7   Thumb Code    14  stm32f4xx_hal.o(.text)
    HAL_DBGMCU_DisableDBGSleepMode           0x080002e5   Thumb Code    14  stm32f4xx_hal.o(.text)
    HAL_DBGMCU_EnableDBGStopMode             0x080002f3   Thumb Code    14  stm32f4xx_hal.o(.text)
    HAL_DBGMCU_DisableDBGStopMode            0x08000301   Thumb Code    14  stm32f4xx_hal.o(.text)
    HAL_DBGMCU_EnableDBGStandbyMode          0x0800030f   Thumb Code    14  stm32f4xx_hal.o(.text)
    HAL_DBGMCU_DisableDBGStandbyMode         0x0800031d   Thumb Code    14  stm32f4xx_hal.o(.text)
    HAL_EnableCompensationCell               0x0800032b   Thumb Code    22  stm32f4xx_hal.o(.text)
    HAL_DisableCompensationCell              0x08000341   Thumb Code    24  stm32f4xx_hal.o(.text)
    HAL_NVIC_SetPriorityGrouping             0x0800038d   Thumb Code    36  stm32f4xx_hal_cortex.o(.text)
    HAL_NVIC_SetPriority                     0x080003b1   Thumb Code   124  stm32f4xx_hal_cortex.o(.text)
    HAL_NVIC_EnableIRQ                       0x0800042d   Thumb Code    26  stm32f4xx_hal_cortex.o(.text)
    HAL_NVIC_DisableIRQ                      0x08000447   Thumb Code    22  stm32f4xx_hal_cortex.o(.text)
    HAL_NVIC_SystemReset                     0x0800045d   Thumb Code    64  stm32f4xx_hal_cortex.o(.text)
    HAL_SYSTICK_Config                       0x0800049d   Thumb Code    52  stm32f4xx_hal_cortex.o(.text)
    HAL_MPU_ConfigRegion                     0x080004d1   Thumb Code    90  stm32f4xx_hal_cortex.o(.text)
    HAL_NVIC_GetPriorityGrouping             0x0800052b   Thumb Code     8  stm32f4xx_hal_cortex.o(.text)
    HAL_NVIC_GetPriority                     0x08000533   Thumb Code   138  stm32f4xx_hal_cortex.o(.text)
    HAL_NVIC_SetPendingIRQ                   0x080005bd   Thumb Code    24  stm32f4xx_hal_cortex.o(.text)
    HAL_NVIC_GetPendingIRQ                   0x080005d5   Thumb Code    38  stm32f4xx_hal_cortex.o(.text)
    HAL_NVIC_ClearPendingIRQ                 0x080005fb   Thumb Code    22  stm32f4xx_hal_cortex.o(.text)
    HAL_NVIC_GetActive                       0x08000611   Thumb Code    38  stm32f4xx_hal_cortex.o(.text)
    HAL_SYSTICK_CLKSourceConfig              0x08000637   Thumb Code    40  stm32f4xx_hal_cortex.o(.text)
    HAL_SYSTICK_Callback                     0x0800065f   Thumb Code     2  stm32f4xx_hal_cortex.o(.text)
    HAL_SYSTICK_IRQHandler                   0x08000661   Thumb Code     8  stm32f4xx_hal_cortex.o(.text)
    HAL_DMA_Init                             0x080006b7   Thumb Code   128  stm32f4xx_hal_dma.o(.text)
    HAL_DMA_DeInit                           0x08000737   Thumb Code   100  stm32f4xx_hal_dma.o(.text)
    HAL_DMA_Start                            0x080007c7   Thumb Code    82  stm32f4xx_hal_dma.o(.text)
    HAL_DMA_Start_IT                         0x08000819   Thumb Code   106  stm32f4xx_hal_dma.o(.text)
    HAL_DMA_Abort                            0x08000883   Thumb Code    94  stm32f4xx_hal_dma.o(.text)
    HAL_DMA_PollForTransfer                  0x080008e1   Thumb Code   412  stm32f4xx_hal_dma.o(.text)
    HAL_DMA_IRQHandler                       0x08000a7d   Thumb Code   530  stm32f4xx_hal_dma.o(.text)
    HAL_DMA_GetState                         0x08000c8f   Thumb Code     8  stm32f4xx_hal_dma.o(.text)
    HAL_DMA_GetError                         0x08000c97   Thumb Code     6  stm32f4xx_hal_dma.o(.text)
    HAL_GPIO_Init                            0x08000ca1   Thumb Code   432  stm32f4xx_hal_gpio.o(.text)
    HAL_GPIO_DeInit                          0x08000e51   Thumb Code   282  stm32f4xx_hal_gpio.o(.text)
    HAL_GPIO_ReadPin                         0x08000f6b   Thumb Code    16  stm32f4xx_hal_gpio.o(.text)
    HAL_GPIO_WritePin                        0x08000f7b   Thumb Code    12  stm32f4xx_hal_gpio.o(.text)
    HAL_GPIO_TogglePin                       0x08000f87   Thumb Code     8  stm32f4xx_hal_gpio.o(.text)
    HAL_GPIO_LockPin                         0x08000f8f   Thumb Code    46  stm32f4xx_hal_gpio.o(.text)
    HAL_GPIO_EXTI_Callback                   0x08000fbd   Thumb Code     2  stm32f4xx_hal_gpio.o(.text)
    HAL_GPIO_EXTI_IRQHandler                 0x08000fbf   Thumb Code    28  stm32f4xx_hal_gpio.o(.text)
    HAL_RCC_OscConfig                        0x08000fff   Thumb Code  1028  stm32f4xx_hal_rcc.o(.text)
    HAL_RCC_ClockConfig                      0x08001403   Thumb Code   680  stm32f4xx_hal_rcc.o(.text)
    HAL_RCC_MCOConfig                        0x080016ab   Thumb Code   170  stm32f4xx_hal_rcc.o(.text)
    HAL_RCC_EnableCSS                        0x08001755   Thumb Code     8  stm32f4xx_hal_rcc.o(.text)
    HAL_RCC_DisableCSS                       0x0800175d   Thumb Code     8  stm32f4xx_hal_rcc.o(.text)
    HAL_RCC_GetSysClockFreq                  0x08001765   Thumb Code   196  stm32f4xx_hal_rcc.o(.text)
    HAL_RCC_GetHCLKFreq                      0x08001829   Thumb Code    42  stm32f4xx_hal_rcc.o(.text)
    HAL_RCC_GetPCLK1Freq                     0x08001853   Thumb Code    36  stm32f4xx_hal_rcc.o(.text)
    HAL_RCC_GetPCLK2Freq                     0x08001877   Thumb Code    36  stm32f4xx_hal_rcc.o(.text)
    HAL_RCC_GetOscConfig                     0x0800189b   Thumb Code   296  stm32f4xx_hal_rcc.o(.text)
    HAL_RCC_GetClockConfig                   0x080019c3   Thumb Code    58  stm32f4xx_hal_rcc.o(.text)
    HAL_RCC_CSSCallback                      0x080019fd   Thumb Code     2  stm32f4xx_hal_rcc.o(.text)
    HAL_RCC_NMI_IRQHandler                   0x080019ff   Thumb Code    30  stm32f4xx_hal_rcc.o(.text)
    HAL_UART_MspInit                         0x08001c4b   Thumb Code     2  stm32f4xx_hal_uart.o(.text)
    HAL_UART_Init                            0x08001c4d   Thumb Code   110  stm32f4xx_hal_uart.o(.text)
    HAL_HalfDuplex_Init                      0x08001cbb   Thumb Code   114  stm32f4xx_hal_uart.o(.text)
    HAL_LIN_Init                             0x08001d2d   Thumb Code   138  stm32f4xx_hal_uart.o(.text)
    HAL_MultiProcessor_Init                  0x08001db7   Thumb Code   150  stm32f4xx_hal_uart.o(.text)
    HAL_UART_MspDeInit                       0x08001e4d   Thumb Code     2  stm32f4xx_hal_uart.o(.text)
    HAL_UART_DeInit                          0x08001e4f   Thumb Code    50  stm32f4xx_hal_uart.o(.text)
    HAL_UART_Transmit                        0x08001f7b   Thumb Code   240  stm32f4xx_hal_uart.o(.text)
    HAL_UART_Receive                         0x0800206b   Thumb Code   248  stm32f4xx_hal_uart.o(.text)
    HAL_UART_Transmit_IT                     0x08002163   Thumb Code   134  stm32f4xx_hal_uart.o(.text)
    HAL_UART_Receive_IT                      0x080021e9   Thumb Code   134  stm32f4xx_hal_uart.o(.text)
    HAL_UART_ErrorCallback                   0x0800226f   Thumb Code     2  stm32f4xx_hal_uart.o(.text)
    HAL_UART_TxHalfCpltCallback              0x08002293   Thumb Code     2  stm32f4xx_hal_uart.o(.text)
    HAL_UART_TxCpltCallback                  0x080022a3   Thumb Code     2  stm32f4xx_hal_uart.o(.text)
    HAL_UART_Transmit_DMA                    0x080022db   Thumb Code   156  stm32f4xx_hal_uart.o(.text)
    HAL_UART_RxHalfCpltCallback              0x08002377   Thumb Code     2  stm32f4xx_hal_uart.o(.text)
    HAL_UART_RxCpltCallback                  0x08002387   Thumb Code     2  stm32f4xx_hal_uart.o(.text)
    HAL_UART_Receive_DMA                     0x080023c7   Thumb Code   146  stm32f4xx_hal_uart.o(.text)
    HAL_UART_DMAPause                        0x08002459   Thumb Code   114  stm32f4xx_hal_uart.o(.text)
    HAL_UART_DMAResume                       0x080024cb   Thumb Code   152  stm32f4xx_hal_uart.o(.text)
    HAL_UART_DMAStop                         0x08002563   Thumb Code    58  stm32f4xx_hal_uart.o(.text)
    HAL_UART_IRQHandler                      0x08002725   Thumb Code   288  stm32f4xx_hal_uart.o(.text)
    HAL_LIN_SendBreak                        0x08002845   Thumb Code    62  stm32f4xx_hal_uart.o(.text)
    HAL_MultiProcessor_EnterMuteMode         0x08002883   Thumb Code    62  stm32f4xx_hal_uart.o(.text)
    HAL_MultiProcessor_ExitMuteMode          0x080028c1   Thumb Code    62  stm32f4xx_hal_uart.o(.text)
    HAL_HalfDuplex_EnableTransmitter         0x080028ff   Thumb Code    68  stm32f4xx_hal_uart.o(.text)
    HAL_HalfDuplex_EnableReceiver            0x08002943   Thumb Code    68  stm32f4xx_hal_uart.o(.text)
    HAL_UART_GetState                        0x08002987   Thumb Code     8  stm32f4xx_hal_uart.o(.text)
    HAL_UART_GetError                        0x0800298f   Thumb Code     6  stm32f4xx_hal_uart.o(.text)
    TM_RCC_InitSystem                        0x08002995   Thumb Code   160  tm_stm32_rcc.o(.text)
    TM_GPIO_GetPortSource                    0x08002a3d   Thumb Code    14  tm_stm32_gpio.o(.text)
    TM_GPIO_INT_Init                         0x08002a4b   Thumb Code   170  tm_stm32_gpio.o(.text)
    TM_GPIO_INT_EnableClock                  0x08002af5   Thumb Code    28  tm_stm32_gpio.o(.text)
    TM_GPIO_Init                             0x08002b11   Thumb Code    48  tm_stm32_gpio.o(.text)
    TM_GPIO_InitAlternate                    0x08002b41   Thumb Code   110  tm_stm32_gpio.o(.text)
    TM_GPIO_DeInit                           0x08002baf   Thumb Code    66  tm_stm32_gpio.o(.text)
    TM_GPIO_SetPinAsInput                    0x08002bf1   Thumb Code    38  tm_stm32_gpio.o(.text)
    TM_GPIO_SetPinAsOutput                   0x08002c17   Thumb Code    46  tm_stm32_gpio.o(.text)
    TM_GPIO_SetPinAsAnalog                   0x08002c45   Thumb Code    38  tm_stm32_gpio.o(.text)
    TM_GPIO_SetPinAsAlternate                0x08002c6b   Thumb Code    50  tm_stm32_gpio.o(.text)
    TM_GPIO_SetPullResistor                  0x08002c9d   Thumb Code    50  tm_stm32_gpio.o(.text)
    TM_GPIO_Lock                             0x08002ccf   Thumb Code    16  tm_stm32_gpio.o(.text)
    TM_GPIO_GetPinSource                     0x08002cdf   Thumb Code    18  tm_stm32_gpio.o(.text)
    TM_GPIO_INT_DisableClock                 0x08002cf1   Thumb Code    26  tm_stm32_gpio.o(.text)
    TM_GPIO_GetUsedPins                      0x08002d0b   Thumb Code    18  tm_stm32_gpio.o(.text)
    TM_GPIO_GetFreePins                      0x08002d1d   Thumb Code    22  tm_stm32_gpio.o(.text)
    TM_DELAY_Init                            0x08002d3d   Thumb Code    64  tm_stm32_delay.o(.text)
    TM_DELAY_TimerCreate                     0x08002d7d   Thumb Code    96  tm_stm32_delay.o(.text)
    TM_DELAY_TimerDelete                     0x08002ddd   Thumb Code   122  tm_stm32_delay.o(.text)
    TM_DELAY_TimerStop                       0x08002e57   Thumb Code    10  tm_stm32_delay.o(.text)
    TM_DELAY_TimerStart                      0x08002e61   Thumb Code    12  tm_stm32_delay.o(.text)
    TM_DELAY_TimerReset                      0x08002e6d   Thumb Code     6  tm_stm32_delay.o(.text)
    TM_DELAY_TimerAutoReloadCommand          0x08002e73   Thumb Code    18  tm_stm32_delay.o(.text)
    TM_DELAY_TimerAutoReloadValue            0x08002e85   Thumb Code     4  tm_stm32_delay.o(.text)
    HAL_IncTick                              0x08002e8b   Thumb Code   214  tm_stm32_delay.o(.text)
    HAL_GetTick                              0x08002f61   Thumb Code     6  tm_stm32_delay.o(.text)
    HAL_Delay                                0x08002f67   Thumb Code    54  tm_stm32_delay.o(.text)
    TM_DISCO_LedInit                         0x08002fb1   Thumb Code    32  tm_stm32_disco.o(.text)
    TM_DISCO_ButtonInit                      0x08002fd1   Thumb Code    24  tm_stm32_disco.o(.text)
    TM_DISCO_ButtonOnPressed                 0x08002fe9   Thumb Code    40  tm_stm32_disco.o(.text)
    TM_DISCO_ButtonOnReleased                0x08003011   Thumb Code    42  tm_stm32_disco.o(.text)
    TM_BUFFER_Init                           0x08003049   Thumb Code    68  tm_stm32_buffer.o(.text)
    TM_BUFFER_Free                           0x0800308d   Thumb Code    32  tm_stm32_buffer.o(.text)
    TM_BUFFER_Write                          0x080030ad   Thumb Code    98  tm_stm32_buffer.o(.text)
    TM_BUFFER_Read                           0x0800310f   Thumb Code    82  tm_stm32_buffer.o(.text)
    TM_BUFFER_GetFree                        0x08003161   Thumb Code    42  tm_stm32_buffer.o(.text)
    TM_BUFFER_GetFull                        0x0800318b   Thumb Code    40  tm_stm32_buffer.o(.text)
    TM_BUFFER_Reset                          0x080031b3   Thumb Code    14  tm_stm32_buffer.o(.text)
    TM_BUFFER_FindElement                    0x080031c1   Thumb Code    82  tm_stm32_buffer.o(.text)
    TM_BUFFER_Find                           0x08003213   Thumb Code   160  tm_stm32_buffer.o(.text)
    TM_BUFFER_WriteString                    0x080032b3   Thumb Code    26  tm_stm32_buffer.o(.text)
    TM_BUFFER_ReadString                     0x080032cd   Thumb Code   132  tm_stm32_buffer.o(.text)
    TM_BUFFER_CheckElement                   0x08003351   Thumb Code    64  tm_stm32_buffer.o(.text)
    TM_USART_InitCustomPinsCallback          0x080033ad   Thumb Code     2  tm_stm32_usart.o(.text)
    TM_USART6_InitPins                       0x080033af   Thumb Code    40  tm_stm32_usart.o(.text)
    TM_USART2_InitPins                       0x080033d7   Thumb Code    64  tm_stm32_usart.o(.text)
    TM_USART1_InitPins                       0x08003417   Thumb Code    64  tm_stm32_usart.o(.text)
    TM_USART_Init                            0x08003595   Thumb Code   100  tm_stm32_usart.o(.text)
    TM_USART_InitWithFlowControl             0x080035f9   Thumb Code   106  tm_stm32_usart.o(.text)
    TM_USART_Getc                            0x0800367f   Thumb Code    32  tm_stm32_usart.o(.text)
    TM_USART_Gets                            0x0800369f   Thumb Code    30  tm_stm32_usart.o(.text)
    TM_USART_Puts                            0x080036bd   Thumb Code    40  tm_stm32_usart.o(.text)
    TM_USART_Send                            0x080036e5   Thumb Code    46  tm_stm32_usart.o(.text)
    TM_USART_FindCharacter                   0x08003713   Thumb Code    22  tm_stm32_usart.o(.text)
    TM_USART_FindString                      0x08003729   Thumb Code    36  tm_stm32_usart.o(.text)
    TM_USART_BufferEmpty                     0x0800374d   Thumb Code    26  tm_stm32_usart.o(.text)
    TM_USART_BufferFull                      0x08003767   Thumb Code    70  tm_stm32_usart.o(.text)
    TM_USART_BufferCount                     0x080037ad   Thumb Code    18  tm_stm32_usart.o(.text)
    TM_USART_ClearBuffer                     0x080037bf   Thumb Code    18  tm_stm32_usart.o(.text)
    TM_USART_SetCustomStringEndCharacter     0x080037d1   Thumb Code    16  tm_stm32_usart.o(.text)
    USART1_IRQHandler                        0x0800386f   Thumb Code    32  tm_stm32_usart.o(.text)
    USART2_IRQHandler                        0x0800388f   Thumb Code    36  tm_stm32_usart.o(.text)
    USART6_IRQHandler                        0x080038b3   Thumb Code    36  tm_stm32_usart.o(.text)
    main                                     0x080038f1   Thumb Code   260  main.o(.text)
    TM_DELAY_1msHandler                      0x080039f5   Thumb Code    12  main.o(.text)
    fputc                                    0x08003a01   Thumb Code    56  main.o(.text)
    WizFi360_Callback_DeviceReady            0x08003a39   Thumb Code    12  main.o(.text)
    WizFi360_Callback_WatchdogReset          0x08003a45   Thumb Code    12  main.o(.text)
    WizFi360_Callback_WifiDisconnected       0x08003a51   Thumb Code    12  main.o(.text)
    WizFi360_Callback_WifiConnected          0x08003a5d   Thumb Code    12  main.o(.text)
    WizFi360_Callback_WifiConnectFailed      0x08003a69   Thumb Code    16  main.o(.text)
    WizFi360_Callback_WifiGotIP              0x08003a79   Thumb Code    28  main.o(.text)
    WizFi360_Callback_WifiIPSet              0x08003a95   Thumb Code    34  main.o(.text)
    WizFi360_Callback_DHCPTimeout            0x08003ab7   Thumb Code    12  main.o(.text)
    WizFi360_Callback_WifiDetected           0x08003ac3   Thumb Code    58  main.o(.text)
    WizFi360_Callback_ClientConnectionConnected 0x08003afd   Thumb Code    18  main.o(.text)
    WizFi360_Callback_ClientConnectionError  0x08003b0f   Thumb Code    16  main.o(.text)
    WizFi360_Callback_ClientConnectionDataSent 0x08003b1f   Thumb Code    14  main.o(.text)
    WizFi360_Callback_ClientConnectionDataSentError 0x08003b2d   Thumb Code    16  main.o(.text)
    WizFi360_Callback_ClientConnectionDataReceived 0x08003b3d   Thumb Code    50  main.o(.text)
    WizFi360_Callback_ClientConnectionClosed 0x08003b6f   Thumb Code    54  main.o(.text)
    WizFi360_Callback_ClientConnectionTimeout 0x08003ba5   Thumb Code    16  main.o(.text)
    NMI_Handler                              0x08003ed1   Thumb Code     2  stm32fxxx_it.o(.text)
    HardFault_Handler                        0x08003ed3   Thumb Code     4  stm32fxxx_it.o(.text)
    MemManage_Handler                        0x08003ed7   Thumb Code     4  stm32fxxx_it.o(.text)
    BusFault_Handler                         0x08003edb   Thumb Code     4  stm32fxxx_it.o(.text)
    UsageFault_Handler                       0x08003edf   Thumb Code     4  stm32fxxx_it.o(.text)
    SVC_Handler                              0x08003ee3   Thumb Code     2  stm32fxxx_it.o(.text)
    DebugMon_Handler                         0x08003ee5   Thumb Code     2  stm32fxxx_it.o(.text)
    PendSV_Handler                           0x08003ee7   Thumb Code     2  stm32fxxx_it.o(.text)
    TimingDelay_Decrement                    0x08003ee9   Thumb Code     2  stm32fxxx_it.o(.text)
    SysTick_Handler                          0x08003eeb   Thumb Code     8  stm32fxxx_it.o(.text)
    SystemInit                               0x08003ef5   Thumb Code    82  system_stm32f4xx.o(.text)
    SystemCoreClockUpdate                    0x08003f47   Thumb Code   174  system_stm32f4xx.o(.text)
    WizFi360_Callback_ConnectedStationsDetected 0x0800405b   Thumb Code     2  wizfi360.o(.text)
    WizFi360_Callback_FirmwareUpdateError    0x08004217   Thumb Code     2  wizfi360.o(.text)
    WizFi360_Callback_FirmwareUpdateSuccess  0x08004219   Thumb Code     2  wizfi360.o(.text)
    WizFi360_Callback_FirmwareUpdateStatus   0x0800421b   Thumb Code     2  wizfi360.o(.text)
    WizFi360_Callback_PingFinished           0x0800421d   Thumb Code     2  wizfi360.o(.text)
    WizFi360_Callback_ServerConnectionClosed 0x080047c5   Thumb Code     2  wizfi360.o(.text)
    mem_mem                                  0x080047c9   Thumb Code    52  wizfi360.o(.text)
    WizFi360_Callback_ServerConnectionActive 0x080047fd   Thumb Code     2  wizfi360.o(.text)
    WizFi360_Callback_ServerConnectionDataSent 0x08004801   Thumb Code     2  wizfi360.o(.text)
    WizFi360_Update                          0x080054a9   Thumb Code   776  wizfi360.o(.text)
    WizFi360_WaitReady                       0x080057b1   Thumb Code    74  wizfi360.o(.text)
    WizFi360_GetAPIP                         0x08005861   Thumb Code   150  wizfi360.o(.text)
    WizFi360_GetAPMAC                        0x080058f7   Thumb Code    42  wizfi360.o(.text)
    WizFi360_GetSTAMAC                       0x08005921   Thumb Code    42  wizfi360.o(.text)
    WizFi360_Setdinfo                        0x0800594b   Thumb Code    80  wizfi360.o(.text)
    WizFi360_SetMux                          0x0800599b   Thumb Code    80  wizfi360.o(.text)
    WizFi360_Init                            0x080059eb   Thumb Code   380  wizfi360.o(.text)
    WizFi360_DeInit                          0x08005b67   Thumb Code    20  wizfi360.o(.text)
    WizFi360_RestoreDefault                  0x08005b7b   Thumb Code    62  wizfi360.o(.text)
    WizFi360_FirmwareUpdate                  0x08005bb9   Thumb Code    46  wizfi360.o(.text)
    WizFi360_SetUART                         0x08005c6f   Thumb Code    18  wizfi360.o(.text)
    WizFi360_SetUARTDefault                  0x08005c81   Thumb Code    18  wizfi360.o(.text)
    WizFi360_SetSleepMode                    0x08005c93   Thumb Code    64  wizfi360.o(.text)
    WizFi360_Sleep                           0x08005cd3   Thumb Code   328  wizfi360.o(.text)
    WizFi360_TimeUpdate                      0x08005e1b   Thumb Code    12  wizfi360.o(.text)
    WizFi360_IsReady                         0x08005e27   Thumb Code    40  wizfi360.o(.text)
    WizFi360_GetAP                           0x08005e4f   Thumb Code    34  wizfi360.o(.text)
    WizFi360_SetMode                         0x08005e71   Thumb Code    76  wizfi360.o(.text)
    WizFi360_RequestSendData                 0x08005ebd   Thumb Code    96  wizfi360.o(.text)
    WizFi360_CloseConnection                 0x08005f1d   Thumb Code    34  wizfi360.o(.text)
    WizFi360_CloseAllConnections             0x08005f3f   Thumb Code    18  wizfi360.o(.text)
    WizFi360_AllConectionsClosed             0x08005f51   Thumb Code    54  wizfi360.o(.text)
    WizFi360_ServerEnable                    0x08005f87   Thumb Code    80  wizfi360.o(.text)
    WizFi360_ServerDisable                   0x08005fd7   Thumb Code    64  wizfi360.o(.text)
    WizFi360_SetServerTimeout                0x08006017   Thumb Code    80  wizfi360.o(.text)
    WizFi360_WifiDisconnect                  0x08006067   Thumb Code    18  wizfi360.o(.text)
    WizFi360_WifiConnect                     0x080060ab   Thumb Code    72  wizfi360.o(.text)
    WizFi360_WifiConnectDefault              0x080060f3   Thumb Code    72  wizfi360.o(.text)
    WizFi360_WifiGetConnected                0x0800613b   Thumb Code    20  wizfi360.o(.text)
    WizFi360_GetSTAIP                        0x0800614f   Thumb Code    60  wizfi360.o(.text)
    WizFi360_GetSTAIPBlocking                0x0800618b   Thumb Code    26  wizfi360.o(.text)
    WizFi360_GetAPIPBlocking                 0x080061a5   Thumb Code    18  wizfi360.o(.text)
    WizFi360_SetSTAMAC                       0x080063c1   Thumb Code    20  wizfi360.o(.text)
    WizFi360_SetSTAMACDefault                0x080063d5   Thumb Code    20  wizfi360.o(.text)
    WizFi360_SetAPMAC                        0x080063e9   Thumb Code    20  wizfi360.o(.text)
    WizFi360_SetAPMACDefault                 0x080063fd   Thumb Code    20  wizfi360.o(.text)
    WizFi360_ListWifiStations                0x08006411   Thumb Code    26  wizfi360.o(.text)
    WizFi360_SetAP                           0x0800642b   Thumb Code   170  wizfi360.o(.text)
    WizFi360_SetAPDefault                    0x080064d5   Thumb Code   170  wizfi360.o(.text)
    WizFi360_GetConnectedStations            0x0800657f   Thumb Code    48  wizfi360.o(.text)
    WizFi360_StartClientConnection           0x080065af   Thumb Code   326  wizfi360.o(.text)
    WizFi360_StartUDPConnection              0x080066f5   Thumb Code   606  wizfi360.o(.text)
    WizFi360_Callback_PingStarted            0x08006953   Thumb Code     2  wizfi360.o(.text)
    WizFi360_Ping                            0x08006955   Thumb Code   114  wizfi360.o(.text)
    WizFi360_DataReceived                    0x080069c7   Thumb Code    18  wizfi360.o(.text)
    WizFi360_Callback_ServerConnectionDataReceived 0x080069db   Thumb Code     2  wizfi360.o(.text)
    WizFi360_Callback_ServerConnectionSendData 0x080069dd   Thumb Code     8  wizfi360.o(.text)
    WizFi360_Callback_ServerConnectionDataSentError 0x080069e5   Thumb Code     2  wizfi360.o(.text)
    WizFi360_Callback_ClientConnectionSendData 0x080069e7   Thumb Code     8  wizfi360.o(.text)
    ReverseEscapeString                      0x080069f3   Thumb Code    52  wizfi360.o(.text)
    BUFFER_Init                              0x08006a75   Thumb Code    68  buffer.o(.text)
    BUFFER_Free                              0x08006ab9   Thumb Code    32  buffer.o(.text)
    BUFFER_Write                             0x08006ad9   Thumb Code    98  buffer.o(.text)
    BUFFER_Read                              0x08006b3b   Thumb Code    82  buffer.o(.text)
    BUFFER_GetFree                           0x08006b8d   Thumb Code    42  buffer.o(.text)
    BUFFER_GetFull                           0x08006bb7   Thumb Code    40  buffer.o(.text)
    BUFFER_Reset                             0x08006bdf   Thumb Code    14  buffer.o(.text)
    BUFFER_FindElement                       0x08006bed   Thumb Code    82  buffer.o(.text)
    BUFFER_Find                              0x08006c3f   Thumb Code   162  buffer.o(.text)
    BUFFER_WriteString                       0x08006ce1   Thumb Code    26  buffer.o(.text)
    BUFFER_ReadString                        0x08006cfb   Thumb Code   132  buffer.o(.text)
    BUFFER_CheckElement                      0x08006d7f   Thumb Code    64  buffer.o(.text)
    WizFi360_LL_USARTInit                    0x08006dc1   Thumb Code    18  wizfi360_ll.o(.text)
    WizFi360_LL_USARTSend                    0x08006dd3   Thumb Code    20  wizfi360_ll.o(.text)
    TM_USART1_ReceiveHandler                 0x08006de7   Thumb Code    12  wizfi360_ll.o(.text)
    __aeabi_memcpy                           0x08006df9   Thumb Code    36  memcpya.o(.text)
    __aeabi_memcpy4                          0x08006df9   Thumb Code     0  memcpya.o(.text)
    __aeabi_memcpy8                          0x08006df9   Thumb Code     0  memcpya.o(.text)
    __aeabi_memset                           0x08006e1d   Thumb Code    14  memseta.o(.text)
    __aeabi_memset4                          0x08006e1d   Thumb Code     0  memseta.o(.text)
    __aeabi_memset8                          0x08006e1d   Thumb Code     0  memseta.o(.text)
    __aeabi_memclr                           0x08006e2b   Thumb Code     4  memseta.o(.text)
    __aeabi_memclr4                          0x08006e2b   Thumb Code     0  memseta.o(.text)
    __aeabi_memclr8                          0x08006e2b   Thumb Code     0  memseta.o(.text)
    _memset$wrapper                          0x08006e2f   Thumb Code    18  memseta.o(.text)
    strstr                                   0x08006e41   Thumb Code    36  strstr.o(.text)
    strncpy                                  0x08006e65   Thumb Code    24  strncpy.o(.text)
    strlen                                   0x08006e7d   Thumb Code    14  strlen.o(.text)
    strcmp                                   0x08006e8b   Thumb Code    28  strcmp.o(.text)
    memcmp                                   0x08006ea7   Thumb Code    26  memcmp.o(.text)
    strcpy                                   0x08006ec1   Thumb Code    18  strcpy.o(.text)
    strncmp                                  0x08006ed3   Thumb Code    30  strncmp.o(.text)
    strtok                                   0x08006ef1   Thumb Code    62  strtok.o(.text)
    __aeabi_uldivmod                         0x08006f35   Thumb Code    98  uldiv.o(.text)
    __scatterload                            0x08006f99   Thumb Code    28  init.o(.text)
    __scatterload_rt2                        0x08006f99   Thumb Code     0  init.o(.text)
    __aeabi_llsl                             0x08006fbd   Thumb Code    30  llshl.o(.text)
    _ll_shift_l                              0x08006fbd   Thumb Code     0  llshl.o(.text)
    __aeabi_llsr                             0x08006fdb   Thumb Code    32  llushr.o(.text)
    _ll_ushift_r                             0x08006fdb   Thumb Code     0  llushr.o(.text)
    __0printf$8                              0x08006ffd   Thumb Code    22  printf8.o(i.__0printf$8)
    __1printf$8                              0x08006ffd   Thumb Code     0  printf8.o(i.__0printf$8)
    __2printf                                0x08006ffd   Thumb Code     0  printf8.o(i.__0printf$8)
    __0sprintf$8                             0x0800701d   Thumb Code    34  printf8.o(i.__0sprintf$8)
    __1sprintf$8                             0x0800701d   Thumb Code     0  printf8.o(i.__0sprintf$8)
    __2sprintf                               0x0800701d   Thumb Code     0  printf8.o(i.__0sprintf$8)
    __scatterload_copy                       0x08007045   Thumb Code    14  handlers.o(i.__scatterload_copy)
    __scatterload_null                       0x08007053   Thumb Code     2  handlers.o(i.__scatterload_null)
    __scatterload_zeroinit                   0x08007055   Thumb Code    14  handlers.o(i.__scatterload_zeroinit)
    free                                     0x080074d1   Thumb Code    76  malloc.o(i.free)
    malloc                                   0x08007521   Thumb Code    92  malloc.o(i.malloc)
    APBAHBPrescTable                         0x08007594   Data          16  stm32f4xx_hal_rcc.o(.constdata)
    AHBPrescTable                            0x080075a4   Data          16  system_stm32f4xx.o(.constdata)
    Region$$Table$$Base                      0x080076b8   Number         0  anon$$obj.o(Region$$Table)
    Region$$Table$$Limit                     0x080076d8   Number         0  anon$$obj.o(Region$$Table)
    TM_Time2                                 0x20000004   Data           4  tm_stm32_delay.o(.data)
    TM_Time                                  0x20000008   Data           4  tm_stm32_delay.o(.data)
    TM_USART1                                0x20000010   Data          20  tm_stm32_usart.o(.data)
    TM_USART2                                0x20000024   Data          20  tm_stm32_usart.o(.data)
    TM_USART6                                0x20000038   Data          20  tm_stm32_usart.o(.data)
    time                                     0x2000004c   Data           4  main.o(.data)
    SystemCoreClock                          0x20000050   Data           4  system_stm32f4xx.o(.data)
    __stdout                                 0x20000068   Data           4  stdout.o(.data)
    __microlib_freelist                      0x2000006c   Data           4  mvars.o(.data)
    __microlib_freelist_initialised          0x20000070   Data           4  mvars.o(.data)
    USART1_Buffer                            0x200000a8   Data          32  tm_stm32_usart.o(.bss)
    USART2_Buffer                            0x200000c8   Data          32  tm_stm32_usart.o(.bss)
    USART6_Buffer                            0x200000e8   Data          32  tm_stm32_usart.o(.bss)
    WizFi360                                 0x20000148   Data        1176  main.o(.bss)
    __heap_base                              0x200026b0   Data           0  startup_stm32f411xe.o(HEAP)
    __heap_limit                             0x200028b0   Data           0  startup_stm32f411xe.o(HEAP)
    __initial_sp                             0x20002cb0   Data           0  startup_stm32f411xe.o(STACK)



==============================================================================

Memory Map of the image

  Image Entry point : 0x08000199

  Load Region LR_IROM1 (Base: 0x08000000, Size: 0x0000774c, Max: 0x00080000, ABSOLUTE)

    Execution Region ER_IROM1 (Exec base: 0x08000000, Load base: 0x08000000, Size: 0x000076d8, Max: 0x00080000, ABSOLUTE)

    Exec Addr    Load Addr    Size         Type   Attr      Idx    E Section Name        Object

    0x08000000   0x08000000   0x00000198   Data   RO            3    RESET               startup_stm32f411xe.o
    0x08000198   0x08000198   0x00000000   Code   RO          911  * .ARM.Collect$$$$00000000  mc_w.l(entry.o)
    0x08000198   0x08000198   0x00000004   Code   RO         1229    .ARM.Collect$$$$00000001  mc_w.l(entry2.o)
    0x0800019c   0x0800019c   0x00000004   Code   RO         1232    .ARM.Collect$$$$00000004  mc_w.l(entry5.o)
    0x080001a0   0x080001a0   0x00000000   Code   RO         1234    .ARM.Collect$$$$00000008  mc_w.l(entry7b.o)
    0x080001a0   0x080001a0   0x00000000   Code   RO         1236    .ARM.Collect$$$$0000000A  mc_w.l(entry8b.o)
    0x080001a0   0x080001a0   0x00000008   Code   RO         1237    .ARM.Collect$$$$0000000B  mc_w.l(entry9a.o)
    0x080001a8   0x080001a8   0x00000000   Code   RO         1239    .ARM.Collect$$$$0000000D  mc_w.l(entry10a.o)
    0x080001a8   0x080001a8   0x00000000   Code   RO         1241    .ARM.Collect$$$$0000000F  mc_w.l(entry11a.o)
    0x080001a8   0x080001a8   0x00000004   Code   RO         1230    .ARM.Collect$$$$00002712  mc_w.l(entry2.o)
    0x080001ac   0x080001ac   0x00000024   Code   RO            4    .text               startup_stm32f411xe.o
    0x080001d0   0x080001d0   0x0000019c   Code   RO          245    .text               stm32f4xx_hal.o
    0x0800036c   0x0800036c   0x0000031c   Code   RO          271    .text               stm32f4xx_hal_cortex.o
    0x08000688   0x08000688   0x00000618   Code   RO          299    .text               stm32f4xx_hal_dma.o
    0x08000ca0   0x08000ca0   0x0000035c   Code   RO          348    .text               stm32f4xx_hal_gpio.o
    0x08000ffc   0x08000ffc   0x00000a34   Code   RO          420    .text               stm32f4xx_hal_rcc.o
    0x08001a30   0x08001a30   0x00000f64   Code   RO          471    .text               stm32f4xx_hal_uart.o
    0x08002994   0x08002994   0x000000a8   Code   RO          519    .text               tm_stm32_rcc.o
    0x08002a3c   0x08002a3c   0x00000300   Code   RO          555    .text               tm_stm32_gpio.o
    0x08002d3c   0x08002d3c   0x00000274   Code   RO          581    .text               tm_stm32_delay.o
    0x08002fb0   0x08002fb0   0x00000098   Code   RO          618    .text               tm_stm32_disco.o
    0x08003048   0x08003048   0x00000348   Code   RO          647    .text               tm_stm32_buffer.o
    0x08003390   0x08003390   0x00000560   Code   RO          684    .text               tm_stm32_usart.o
    0x080038f0   0x080038f0   0x000005e0   Code   RO          721    .text               main.o
    0x08003ed0   0x08003ed0   0x00000022   Code   RO          772    .text               stm32fxxx_it.o
    0x08003ef2   0x08003ef2   0x00000002   PAD
    0x08003ef4   0x08003ef4   0x00000120   Code   RO          799    .text               system_stm32f4xx.o
    0x08004014   0x08004014   0x00002a60   Code   RO          830    .text               wizfi360.o
    0x08006a74   0x08006a74   0x0000034a   Code   RO          868    .text               buffer.o
    0x08006dbe   0x08006dbe   0x00000002   PAD
    0x08006dc0   0x08006dc0   0x00000038   Code   RO          886    .text               wizfi360_ll.o
    0x08006df8   0x08006df8   0x00000024   Code   RO          914    .text               mc_w.l(memcpya.o)
    0x08006e1c   0x08006e1c   0x00000024   Code   RO          916    .text               mc_w.l(memseta.o)
    0x08006e40   0x08006e40   0x00000024   Code   RO          918    .text               mc_w.l(strstr.o)
    0x08006e64   0x08006e64   0x00000018   Code   RO          920    .text               mc_w.l(strncpy.o)
    0x08006e7c   0x08006e7c   0x0000000e   Code   RO          922    .text               mc_w.l(strlen.o)
    0x08006e8a   0x08006e8a   0x0000001c   Code   RO          924    .text               mc_w.l(strcmp.o)
    0x08006ea6   0x08006ea6   0x0000001a   Code   RO          926    .text               mc_w.l(memcmp.o)
    0x08006ec0   0x08006ec0   0x00000012   Code   RO          928    .text               mc_w.l(strcpy.o)
    0x08006ed2   0x08006ed2   0x0000001e   Code   RO          930    .text               mc_w.l(strncmp.o)
    0x08006ef0   0x08006ef0   0x00000044   Code   RO          932    .text               mc_w.l(strtok.o)
    0x08006f34   0x08006f34   0x00000062   Code   RO         1246    .text               mc_w.l(uldiv.o)
    0x08006f96   0x08006f96   0x00000002   PAD
    0x08006f98   0x08006f98   0x00000024   Code   RO         1261    .text               mc_w.l(init.o)
    0x08006fbc   0x08006fbc   0x0000001e   Code   RO         1263    .text               mc_w.l(llshl.o)
    0x08006fda   0x08006fda   0x00000020   Code   RO         1265    .text               mc_w.l(llushr.o)
    0x08006ffa   0x08006ffa   0x00000002   PAD
    0x08006ffc   0x08006ffc   0x00000020   Code   RO         1147    i.__0printf$8       mc_w.l(printf8.o)
    0x0800701c   0x0800701c   0x00000028   Code   RO         1149    i.__0sprintf$8      mc_w.l(printf8.o)
    0x08007044   0x08007044   0x0000000e   Code   RO         1273    i.__scatterload_copy  mc_w.l(handlers.o)
    0x08007052   0x08007052   0x00000002   Code   RO         1274    i.__scatterload_null  mc_w.l(handlers.o)
    0x08007054   0x08007054   0x0000000e   Code   RO         1275    i.__scatterload_zeroinit  mc_w.l(handlers.o)
    0x08007062   0x08007062   0x00000002   PAD
    0x08007064   0x08007064   0x00000410   Code   RO         1154    i._printf_core      mc_w.l(printf8.o)
    0x08007474   0x08007474   0x00000024   Code   RO         1155    i._printf_post_padding  mc_w.l(printf8.o)
    0x08007498   0x08007498   0x0000002e   Code   RO         1156    i._printf_pre_padding  mc_w.l(printf8.o)
    0x080074c6   0x080074c6   0x0000000a   Code   RO         1158    i._sputc            mc_w.l(printf8.o)
    0x080074d0   0x080074d0   0x00000050   Code   RO         1201    i.free              mc_w.l(malloc.o)
    0x08007520   0x08007520   0x0000006c   Code   RO         1202    i.malloc            mc_w.l(malloc.o)
    0x0800758c   0x0800758c   0x00000008   Data   RO          300    .constdata          stm32f4xx_hal_dma.o
    0x08007594   0x08007594   0x00000010   Data   RO          421    .constdata          stm32f4xx_hal_rcc.o
    0x080075a4   0x080075a4   0x00000010   Data   RO          800    .constdata          system_stm32f4xx.o
    0x080075b4   0x080075b4   0x00000102   Data   RO          723    .conststring        main.o
    0x080076b6   0x080076b6   0x00000002   PAD
    0x080076b8   0x080076b8   0x00000020   Data   RO         1271    Region$$Table       anon$$obj.o


    Execution Region RW_IRAM1 (Exec base: 0x20000000, Load base: 0x080076d8, Size: 0x00002cb0, Max: 0x00020000, ABSOLUTE)

    Exec Addr    Load Addr    Size         Type   Attr      Idx    E Section Name        Object

    0x20000000   0x080076d8   0x00000004   Data   RW          246    .data               stm32f4xx_hal.o
    0x20000004   0x080076dc   0x00000008   Data   RW          583    .data               tm_stm32_delay.o
    0x2000000c   0x080076e4   0x00000001   Data   RW          619    .data               tm_stm32_disco.o
    0x2000000d   0x080076e5   0x00000003   PAD
    0x20000010   0x080076e8   0x0000003c   Data   RW          686    .data               tm_stm32_usart.o
    0x2000004c   0x08007724   0x00000004   Data   RW          724    .data               main.o
    0x20000050   0x08007728   0x00000004   Data   RW          801    .data               system_stm32f4xx.o
    0x20000054   0x0800772c   0x00000010   Data   RW          832    .data               wizfi360.o
    0x20000064   0x0800773c   0x00000004   Data   RW          933    .data               mc_w.l(strtok.o)
    0x20000068   0x08007740   0x00000004   Data   RW         1243    .data               mc_w.l(stdout.o)
    0x2000006c   0x08007744   0x00000004   Data   RW         1248    .data               mc_w.l(mvars.o)
    0x20000070   0x08007748   0x00000004   Data   RW         1249    .data               mc_w.l(mvars.o)
    0x20000074        -       0x0000001a   Zero   RW          556    .bss                tm_stm32_gpio.o
    0x2000008e   0x0800774c   0x00000002   PAD
    0x20000090        -       0x00000018   Zero   RW          582    .bss                tm_stm32_delay.o
    0x200000a8        -       0x000000a0   Zero   RW          685    .bss                tm_stm32_usart.o
    0x20000148        -       0x00000498   Zero   RW          722    .bss                main.o
    0x200005e0        -       0x000020d0   Zero   RW          831    .bss                wizfi360.o
    0x200026b0        -       0x00000200   Zero   RW            2    HEAP                startup_stm32f411xe.o
    0x200028b0        -       0x00000400   Zero   RW            1    STACK               startup_stm32f411xe.o


==============================================================================

Image component sizes


      Code (inc. data)   RO Data    RW Data    ZI Data      Debug   Object Name

       842          0          0          0          0       6230   buffer.o
      1504        796        258          4       1176      14928   main.o
        36          8        408          0       1536       1004   startup_stm32f411xe.o
       412         20          0          4          0       4942   stm32f4xx_hal.o
       796         20          0          0          0      31891   stm32f4xx_hal_cortex.o
      1560         16          8          0          0       5200   stm32f4xx_hal_dma.o
       860         34          0          0          0       3775   stm32f4xx_hal_gpio.o
      2612         64         16          0          0       5786   stm32f4xx_hal_rcc.o
         0          0          0          0          0     214596   stm32f4xx_hal_spi.o
      3940         28          0          0          0      12831   stm32f4xx_hal_uart.o
        34          0          0          0          0       1504   stm32fxxx_it.o
       288         32         16          4          0       1599   system_stm32f4xx.o
       840          0          0          0          0       6402   tm_stm32_buffer.o
       628         20          0          8         24       7028   tm_stm32_delay.o
       152         14          0          1          0       1774   tm_stm32_disco.o
       768         10          0          0         26       5764   tm_stm32_gpio.o
       168          8          0          0          0       3644   tm_stm32_rcc.o
      1376         70          0         60        160      12569   tm_stm32_usart.o
     10848       1656          0         16       8400      34899   wizfi360.o
        56          6          0          0          0       1399   wizfi360_ll.o

    ----------------------------------------------------------------------
     27724       2802        740        100      11324     377765   Object Totals
         0          0         32          0          0          0   (incl. Generated)
         4          0          2          3          2          0   (incl. Padding)

    ----------------------------------------------------------------------

      Code (inc. data)   RO Data    RW Data    ZI Data      Debug   Library Member Name

         0          0          0          0          0          0   entry.o
         0          0          0          0          0          0   entry10a.o
         0          0          0          0          0          0   entry11a.o
         8          4          0          0          0          0   entry2.o
         4          0          0          0          0          0   entry5.o
         0          0          0          0          0          0   entry7b.o
         0          0          0          0          0          0   entry8b.o
         8          4          0          0          0          0   entry9a.o
        30          0          0          0          0          0   handlers.o
        36          8          0          0          0         68   init.o
        30          0          0          0          0         68   llshl.o
        32          0          0          0          0         68   llushr.o
       188         20          0          0          0        160   malloc.o
        26          0          0          0          0         80   memcmp.o
        36          0          0          0          0         68   memcpya.o
        36          0          0          0          0        108   memseta.o
         0          0          0          8          0          0   mvars.o
      1204         60          0          0          0        504   printf8.o
         0          0          0          4          0          0   stdout.o
        28          0          0          0          0         76   strcmp.o
        18          0          0          0          0         68   strcpy.o
        14          0          0          0          0         68   strlen.o
        30          0          0          0          0         80   strncmp.o
        24          0          0          0          0         76   strncpy.o
        36          0          0          0          0         80   strstr.o
        68          6          0          4          0         80   strtok.o
        98          0          0          0          0         92   uldiv.o

    ----------------------------------------------------------------------
      1960        102          0         16          0       1744   Library Totals
         6          0          0          0          0          0   (incl. Padding)

    ----------------------------------------------------------------------

      Code (inc. data)   RO Data    RW Data    ZI Data      Debug   Library Name

      1954        102          0         16          0       1744   mc_w.l

    ----------------------------------------------------------------------
      1960        102          0         16          0       1744   Library Totals

    ----------------------------------------------------------------------

==============================================================================


      Code (inc. data)   RO Data    RW Data    ZI Data      Debug   

     29684       2904        740        116      11324     374377   Grand Totals
     29684       2904        740        116      11324     374377   ELF Image Totals
     29684       2904        740        116          0          0   ROM Totals

==============================================================================

    Total RO  Size (Code + RO Data)                30424 (  29.71kB)
    Total RW  Size (RW Data + ZI Data)             11440 (  11.17kB)
    Total ROM Size (Code + RO Data + RW Data)      30540 (  29.82kB)

==============================================================================

